Archive member included to satisfy reference by file (symbol)

/tools/toolchain/bin/../lib/gcc/arm-none-eabi/8.3.1/../../../../arm-none-eabi/lib/thumb/v6-m/nofp/libc_nano.a(lib_a-errno.o)
                              Core/Src/syscalls.o (__errno)
/tools/toolchain/bin/../lib/gcc/arm-none-eabi/8.3.1/../../../../arm-none-eabi/lib/thumb/v6-m/nofp/libc_nano.a(lib_a-exit.o)
                              /tools/toolchain/bin/../lib/gcc/arm-none-eabi/8.3.1/../../../../arm-none-eabi/lib/thumb/v6-m/nofp/crt0.o (exit)
/tools/toolchain/bin/../lib/gcc/arm-none-eabi/8.3.1/../../../../arm-none-eabi/lib/thumb/v6-m/nofp/libc_nano.a(lib_a-impure.o)
                              /tools/toolchain/bin/../lib/gcc/arm-none-eabi/8.3.1/../../../../arm-none-eabi/lib/thumb/v6-m/nofp/libc_nano.a(lib_a-exit.o) (_global_impure_ptr)
/tools/toolchain/bin/../lib/gcc/arm-none-eabi/8.3.1/../../../../arm-none-eabi/lib/thumb/v6-m/nofp/libc_nano.a(lib_a-init.o)
                              /tools/toolchain/bin/../lib/gcc/arm-none-eabi/8.3.1/../../../../arm-none-eabi/lib/thumb/v6-m/nofp/crt0.o (__libc_init_array)
/tools/toolchain/bin/../lib/gcc/arm-none-eabi/8.3.1/../../../../arm-none-eabi/lib/thumb/v6-m/nofp/libc_nano.a(lib_a-memcpy-stub.o)
                              Core/Src/GO4_ACM_2020.o (memcpy)
/tools/toolchain/bin/../lib/gcc/arm-none-eabi/8.3.1/../../../../arm-none-eabi/lib/thumb/v6-m/nofp/libc_nano.a(lib_a-memset.o)
                              /tools/toolchain/bin/../lib/gcc/arm-none-eabi/8.3.1/../../../../arm-none-eabi/lib/thumb/v6-m/nofp/crt0.o (memset)
/tools/toolchain/bin/../lib/gcc/arm-none-eabi/8.3.1/thumb/v6-m/nofp/libgcc.a(_udivsi3.o)
                              Core/Src/stm32f0xx_hal_timebase_tim.o (__aeabi_uidiv)
/tools/toolchain/bin/../lib/gcc/arm-none-eabi/8.3.1/thumb/v6-m/nofp/libgcc.a(_divsi3.o)
                              Core/Src/GopherCAN_ring_buffer.o (__aeabi_idivmod)
/tools/toolchain/bin/../lib/gcc/arm-none-eabi/8.3.1/thumb/v6-m/nofp/libgcc.a(_dvmd_tls.o)
                              /tools/toolchain/bin/../lib/gcc/arm-none-eabi/8.3.1/thumb/v6-m/nofp/libgcc.a(_udivsi3.o) (__aeabi_idiv0)
/tools/toolchain/bin/../lib/gcc/arm-none-eabi/8.3.1/thumb/v6-m/nofp/libgcc.a(_arm_cmpdf2.o)
                              Core/Src/GO4_ACM_2020.o (__aeabi_dcmpge)
/tools/toolchain/bin/../lib/gcc/arm-none-eabi/8.3.1/thumb/v6-m/nofp/libgcc.a(_fixunsdfsi.o)
                              Core/Src/GO4_ACM_2020.o (__aeabi_d2uiz)
/tools/toolchain/bin/../lib/gcc/arm-none-eabi/8.3.1/thumb/v6-m/nofp/libgcc.a(adddf3.o)
                              Core/Src/GO4_ACM_2020.o (__aeabi_dadd)
/tools/toolchain/bin/../lib/gcc/arm-none-eabi/8.3.1/thumb/v6-m/nofp/libgcc.a(eqdf2.o)
                              /tools/toolchain/bin/../lib/gcc/arm-none-eabi/8.3.1/thumb/v6-m/nofp/libgcc.a(_arm_cmpdf2.o) (__eqdf2)
/tools/toolchain/bin/../lib/gcc/arm-none-eabi/8.3.1/thumb/v6-m/nofp/libgcc.a(gedf2.o)
                              /tools/toolchain/bin/../lib/gcc/arm-none-eabi/8.3.1/thumb/v6-m/nofp/libgcc.a(_arm_cmpdf2.o) (__gedf2)
/tools/toolchain/bin/../lib/gcc/arm-none-eabi/8.3.1/thumb/v6-m/nofp/libgcc.a(ledf2.o)
                              /tools/toolchain/bin/../lib/gcc/arm-none-eabi/8.3.1/thumb/v6-m/nofp/libgcc.a(_arm_cmpdf2.o) (__ledf2)
/tools/toolchain/bin/../lib/gcc/arm-none-eabi/8.3.1/thumb/v6-m/nofp/libgcc.a(muldf3.o)
                              Core/Src/GO4_ACM_2020.o (__aeabi_dmul)
/tools/toolchain/bin/../lib/gcc/arm-none-eabi/8.3.1/thumb/v6-m/nofp/libgcc.a(subdf3.o)
                              Core/Src/GO4_ACM_2020.o (__aeabi_dsub)
/tools/toolchain/bin/../lib/gcc/arm-none-eabi/8.3.1/thumb/v6-m/nofp/libgcc.a(fixdfsi.o)
                              Core/Src/GO4_ACM_2020.o (__aeabi_d2iz)
/tools/toolchain/bin/../lib/gcc/arm-none-eabi/8.3.1/thumb/v6-m/nofp/libgcc.a(floatsidf.o)
                              Core/Src/GO4_ACM_2020.o (__aeabi_i2d)
/tools/toolchain/bin/../lib/gcc/arm-none-eabi/8.3.1/thumb/v6-m/nofp/libgcc.a(_clzsi2.o)
                              /tools/toolchain/bin/../lib/gcc/arm-none-eabi/8.3.1/thumb/v6-m/nofp/libgcc.a(adddf3.o) (__clzsi2)

Allocating common symbols
Common symbol       size              file

tx_buffer_mem_1     0x200             Core/Src/GopherCAN.o
last_error          0xc               Core/Src/GopherCAN.o
acceleration_index  0x1               Core/Src/GO4_ACM_2020.o
drs_button_state    0x1               Core/Src/GO4_ACM_2020.o
control_state       0x1               Core/Src/GO4_ACM_2020.o
front_left_servo_ticks
                    0x2               Core/Src/GO4_ACM_2020.o
received_wheel_speed
                    0x8               Core/Src/GopherCAN.o
rx_buffer_mem       0x200             Core/Src/GopherCAN.o
hcan                0x28              Core/Src/main.o
uwTick              0x4               Drivers/STM32F0xx_HAL_Driver/Src/stm32f0xx_hal.o
xQueueRegistry      0x40              Middlewares/Third_Party/FreeRTOS/Source/queue.o
can_command         0x8               Core/Src/GopherCAN.o
[...]
Memory Configuration

Name             Origin             Length             Attributes
RAM              0x0000000020000000 0x0000000000004000 xrw
FLASH            0x0000000008000000 0x0000000000020000 xr
*default*        0x0000000000000000 0xffffffffffffffff

Linker script and memory map

LOAD /tools/toolchain/bin/../lib/gcc/arm-none-eabi/8.3.1/thumb/v6-m/nofp/crti.o
LOAD /tools/toolchain/bin/../lib/gcc/arm-none-eabi/8.3.1/thumb/v6-m/nofp/crtbegin.o
LOAD /tools/toolchain/bin/../lib/gcc/arm-none-eabi/8.3.1/../../../../arm-none-eabi/lib/thumb/v6-m/nofp/crt0.o
LOAD Core/Src/GO4_ACM_2020.o
LOAD Core/Src/GopherCAN.o
LOAD Core/Src/GopherCAN_ring_buffer.o
LOAD Core/Src/freertos.o
LOAD Core/Src/main.o
LOAD Core/Src/stm32f0xx_hal_msp.o
LOAD Core/Src/stm32f0xx_hal_timebase_tim.o
LOAD Core/Src/stm32f0xx_it.o
LOAD Core/Src/syscalls.o
LOAD Core/Src/sysmem.o
LOAD Core/Src/system_stm32f0xx.o
LOAD Core/Startup/startup_stm32f072rbtx.o
LOAD Drivers/STM32F0xx_HAL_Driver/Src/stm32f0xx_hal.o
LOAD Drivers/STM32F0xx_HAL_Driver/Src/stm32f0xx_hal_can.o
LOAD Drivers/STM32F0xx_HAL_Driver/Src/stm32f0xx_hal_cortex.o
LOAD Drivers/STM32F0xx_HAL_Driver/Src/stm32f0xx_hal_dma.o
LOAD Drivers/STM32F0xx_HAL_Driver/Src/stm32f0xx_hal_exti.o
LOAD Drivers/STM32F0xx_HAL_Driver/Src/stm32f0xx_hal_flash.o
LOAD Drivers/STM32F0xx_HAL_Driver/Src/stm32f0xx_hal_flash_ex.o
LOAD Drivers/STM32F0xx_HAL_Driver/Src/stm32f0xx_hal_gpio.o
LOAD Drivers/STM32F0xx_HAL_Driver/Src/stm32f0xx_hal_i2c.o
LOAD Drivers/STM32F0xx_HAL_Driver/Src/stm32f0xx_hal_i2c_ex.o
LOAD Drivers/STM32F0xx_HAL_Driver/Src/stm32f0xx_hal_pwr.o
LOAD Drivers/STM32F0xx_HAL_Driver/Src/stm32f0xx_hal_pwr_ex.o
LOAD Drivers/STM32F0xx_HAL_Driver/Src/stm32f0xx_hal_rcc.o
LOAD Drivers/STM32F0xx_HAL_Driver/Src/stm32f0xx_hal_rcc_ex.o
LOAD Drivers/STM32F0xx_HAL_Driver/Src/stm32f0xx_hal_tim.o
LOAD Drivers/STM32F0xx_HAL_Driver/Src/stm32f0xx_hal_tim_ex.o
LOAD Drivers/STM32F0xx_HAL_Driver/Src/stm32f0xx_hal_uart.o
LOAD Drivers/STM32F0xx_HAL_Driver/Src/stm32f0xx_hal_uart_ex.o
LOAD Middlewares/Third_Party/FreeRTOS/Source/CMSIS_RTOS_V2/cmsis_os2.o
LOAD Middlewares/Third_Party/FreeRTOS/Source/croutine.o
LOAD Middlewares/Third_Party/FreeRTOS/Source/event_groups.o
LOAD Middlewares/Third_Party/FreeRTOS/Source/list.o
LOAD Middlewares/Third_Party/FreeRTOS/Source/queue.o
LOAD Middlewares/Third_Party/FreeRTOS/Source/stream_buffer.o
LOAD Middlewares/Third_Party/FreeRTOS/Source/tasks.o
LOAD Middlewares/Third_Party/FreeRTOS/Source/timers.o
LOAD Middlewares/Third_Party/FreeRTOS/Source/portable/GCC/ARM_CM0/port.o
LOAD Middlewares/Third_Party/FreeRTOS/Source/portable/MemMang/heap_4.o
START GROUP
LOAD /tools/toolchain/bin/../lib/gcc/arm-none-eabi/8.3.1/../../../../arm-none-eabi/lib/thumb/v6-m/nofp/libc_nano.a
LOAD /tools/toolchain/bin/../lib/gcc/arm-none-eabi/8.3.1/../../../../arm-none-eabi/lib/thumb/v6-m/nofp/libm.a
END GROUP
START GROUP
LOAD /tools/toolchain/bin/../lib/gcc/arm-none-eabi/8.3.1/thumb/v6-m/nofp/libgcc.a
LOAD /tools/toolchain/bin/../lib/gcc/arm-none-eabi/8.3.1/../../../../arm-none-eabi/lib/thumb/v6-m/nofp/libc_nano.a
END GROUP
START GROUP
LOAD /tools/toolchain/bin/../lib/gcc/arm-none-eabi/8.3.1/thumb/v6-m/nofp/libgcc.a
LOAD /tools/toolchain/bin/../lib/gcc/arm-none-eabi/8.3.1/../../../../arm-none-eabi/lib/thumb/v6-m/nofp/libc_nano.a
LOAD /tools/toolchain/bin/../lib/gcc/arm-none-eabi/8.3.1/../../../../arm-none-eabi/lib/thumb/v6-m/nofp/libnosys.a
END GROUP
START GROUP
LOAD /tools/toolchain/bin/../lib/gcc/arm-none-eabi/8.3.1/thumb/v6-m/nofp/libgcc.a
LOAD /tools/toolchain/bin/../lib/gcc/arm-none-eabi/8.3.1/../../../../arm-none-eabi/lib/thumb/v6-m/nofp/libc_nano.a
LOAD /tools/toolchain/bin/../lib/gcc/arm-none-eabi/8.3.1/../../../../arm-none-eabi/lib/thumb/v6-m/nofp/libnosys.a
END GROUP
LOAD /tools/toolchain/bin/../lib/gcc/arm-none-eabi/8.3.1/thumb/v6-m/nofp/crtend.o
LOAD /tools/toolchain/bin/../lib/gcc/arm-none-eabi/8.3.1/thumb/v6-m/nofp/crtn.o
                0x0000000020004000                _estack = (ORIGIN (RAM) + LENGTH (RAM))
                0x0000000000000200                _Min_Heap_Size = 0x200
                0x0000000000000400                _Min_Stack_Size = 0x400

.isr_vector     0x0000000008000000       0xc0
                0x0000000008000000                . = ALIGN (0x4)
 *(.isr_vector)
 .isr_vector    0x0000000008000000       0xc0 Core/Startup/startup_stm32f072rbtx.o
                0x0000000008000000                g_pfnVectors
                0x00000000080000c0                . = ALIGN (0x4)

.text           0x00000000080000c0     0x8410
                0x00000000080000c0                . = ALIGN (0x4)
 *(.text)
 .text          0x00000000080000c0       0x48 /tools/toolchain/bin/../lib/gcc/arm-none-eabi/8.3.1/thumb/v6-m/nofp/crtbegin.o
 .text          0x0000000008000108      0x114 /tools/toolchain/bin/../lib/gcc/arm-none-eabi/8.3.1/thumb/v6-m/nofp/libgcc.a(_udivsi3.o)
                0x0000000008000108                __udivsi3
                0x0000000008000108                __aeabi_uidiv
                0x0000000008000214                __aeabi_uidivmod
 .text          0x000000000800021c      0x1d4 /tools/toolchain/bin/../lib/gcc/arm-none-eabi/8.3.1/thumb/v6-m/nofp/libgcc.a(_divsi3.o)
                0x000000000800021c                __aeabi_idiv
                0x000000000800021c                __divsi3
                0x00000000080003e8                __aeabi_idivmod
 .text          0x00000000080003f0        0x4 /tools/toolchain/bin/../lib/gcc/arm-none-eabi/8.3.1/thumb/v6-m/nofp/libgcc.a(_dvmd_tls.o)
                0x00000000080003f0                __aeabi_ldiv0
                0x00000000080003f0                __aeabi_idiv0
 .text          0x00000000080003f4       0x7c /tools/toolchain/bin/../lib/gcc/arm-none-eabi/8.3.1/thumb/v6-m/nofp/libgcc.a(_arm_cmpdf2.o)
                0x00000000080003f4                __aeabi_cdrcmple
                0x0000000008000404                __aeabi_cdcmple
                0x0000000008000404                __aeabi_cdcmpeq
                0x0000000008000414                __aeabi_dcmpeq
                0x0000000008000420                __aeabi_dcmplt
                0x0000000008000434                __aeabi_dcmple
                0x0000000008000448                __aeabi_dcmpgt
                0x000000000800045c                __aeabi_dcmpge
 .text          0x0000000008000470       0x3c /tools/toolchain/bin/../lib/gcc/arm-none-eabi/8.3.1/thumb/v6-m/nofp/libgcc.a(_fixunsdfsi.o)
                0x0000000008000470                __fixunsdfsi
                0x0000000008000470                __aeabi_d2uiz
 .text          0x00000000080004ac      0x6ec /tools/toolchain/bin/../lib/gcc/arm-none-eabi/8.3.1/thumb/v6-m/nofp/libgcc.a(adddf3.o)
                0x00000000080004ac                __aeabi_dadd
 .text          0x0000000008000b98       0x80 /tools/toolchain/bin/../lib/gcc/arm-none-eabi/8.3.1/thumb/v6-m/nofp/libgcc.a(eqdf2.o)
                0x0000000008000b98                __eqdf2
                0x0000000008000b98                __nedf2
 .text          0x0000000008000c18       0xe0 /tools/toolchain/bin/../lib/gcc/arm-none-eabi/8.3.1/thumb/v6-m/nofp/libgcc.a(gedf2.o)
                0x0000000008000c18                __gtdf2
                0x0000000008000c18                __gedf2
 .text          0x0000000008000cf8       0xdc /tools/toolchain/bin/../lib/gcc/arm-none-eabi/8.3.1/thumb/v6-m/nofp/libgcc.a(ledf2.o)
                0x0000000008000cf8                __ltdf2
                0x0000000008000cf8                __ledf2
 .text          0x0000000008000dd4      0x4e4 /tools/toolchain/bin/../lib/gcc/arm-none-eabi/8.3.1/thumb/v6-m/nofp/libgcc.a(muldf3.o)
                0x0000000008000dd4                __aeabi_dmul
 .text          0x00000000080012b8      0x738 /tools/toolchain/bin/../lib/gcc/arm-none-eabi/8.3.1/thumb/v6-m/nofp/libgcc.a(subdf3.o)
                0x00000000080012b8                __aeabi_dsub
 .text          0x00000000080019f0       0x6c /tools/toolchain/bin/../lib/gcc/arm-none-eabi/8.3.1/thumb/v6-m/nofp/libgcc.a(fixdfsi.o)
                0x00000000080019f0                __aeabi_d2iz
 .text          0x0000000008001a5c       0x78 /tools/toolchain/bin/../lib/gcc/arm-none-eabi/8.3.1/thumb/v6-m/nofp/libgcc.a(floatsidf.o)
                0x0000000008001a5c                __aeabi_i2d
 .text          0x0000000008001ad4       0x3c /tools/toolchain/bin/../lib/gcc/arm-none-eabi/8.3.1/thumb/v6-m/nofp/libgcc.a(_clzsi2.o)
                0x0000000008001ad4                __clzsi2
 *(.text*)
 .text.ACM_Init
                0x0000000008001b10       0x88 Core/Src/GO4_ACM_2020.o
                0x0000000008001b10                ACM_Init
 .text.fetch_data
                0x0000000008001b98      0x110 Core/Src/GO4_ACM_2020.o
                0x0000000008001b98                fetch_data
 .text.update_data
                0x0000000008001ca8      0x188 Core/Src/GO4_ACM_2020.o
                0x0000000008001ca8                update_data
 .text.calculate_wing_angle
                0x0000000008001e30      0x1c8 Core/Src/GO4_ACM_2020.o
                0x0000000008001e30                calculate_wing_angle
 .text.arbitrate_acceleration
                0x0000000008001ff8      0x294 Core/Src/GO4_ACM_2020.o
                0x0000000008001ff8                arbitrate_acceleration
 .text.arbitrate_speed
                0x000000000800228c      0x1a4 Core/Src/GO4_ACM_2020.o
                0x000000000800228c                arbitrate_speed
 .text.arbitrate_steering_angle
                0x0000000008002430       0xcc Core/Src/GO4_ACM_2020.o
                0x0000000008002430                arbitrate_steering_angle
 .text.output_angles
                0x00000000080024fc       0xbc Core/Src/GO4_ACM_2020.o
                0x00000000080024fc                output_angles
 .text.setPWM   0x00000000080025b8       0x84 Core/Src/GO4_ACM_2020.o
                0x00000000080025b8                setPWM
 .text.get_btn_state
                0x000000000800263c       0x34 Core/Src/GO4_ACM_2020.o
                0x000000000800263c                get_btn_state
 .text.HAL_CAN_RxFifo0MsgPendingCallback
                0x0000000008002670       0x1a Core/Src/GopherCAN.o
                0x0000000008002670                HAL_CAN_RxFifo0MsgPendingCallback
 .text.HAL_CAN_RxFifo1MsgPendingCallback
                0x000000000800268a       0x1a Core/Src/GopherCAN.o
                0x000000000800268a                HAL_CAN_RxFifo1MsgPendingCallback
 .text.service_can_rx_hardware
                0x00000000080026a4       0x9c Core/Src/GopherCAN.o
                0x00000000080026a4                service_can_rx_hardware
 .text.choose_tx_buffer_from_hcan
                0x0000000008002740       0x2c Core/Src/GopherCAN.o
 .text.choose_tx_buffer_from_dest_module
                0x000000000800276c       0x48 Core/Src/GopherCAN.o
 .text.rout_can_message
                0x00000000080027b4       0xf4 Core/Src/GopherCAN.o
 .text.is_full  0x00000000080028a8       0x22 Core/Src/GopherCAN_ring_buffer.o
                0x00000000080028a8                is_full
 .text.get_from_buffer
                0x00000000080028ca       0x38 Core/Src/GopherCAN_ring_buffer.o
                0x00000000080028ca                get_from_buffer
 .text.add_message_to_back
                0x0000000008002902       0x82 Core/Src/GopherCAN_ring_buffer.o
                0x0000000008002902                add_message_to_back
 .text.main     0x0000000008002984       0xa8 Core/Src/main.o
                0x0000000008002984                main
 .text.SystemClock_Config
                0x0000000008002a2c       0xa6 Core/Src/main.o
                0x0000000008002a2c                SystemClock_Config
 *fill*         0x0000000008002ad2        0x2 
 .text.MX_CAN_Init
                0x0000000008002ad4       0x6c Core/Src/main.o
 .text.MX_TIM3_Init
                0x0000000008002b40       0xec Core/Src/main.o
 .text.MX_TIM14_Init
                0x0000000008002c2c       0x4c Core/Src/main.o
 .text.MX_USART2_UART_Init
                0x0000000008002c78       0x60 Core/Src/main.o
 .text.MX_GPIO_Init
                0x0000000008002cd8       0xf0 Core/Src/main.o
 .text.start_update_calculate_wing_angle
                0x0000000008002dc8       0x24 Core/Src/main.o
                0x0000000008002dc8                start_update_calculate_wing_angle
 .text.start_actuate_wings
                0x0000000008002dec       0x14 Core/Src/main.o
                0x0000000008002dec                start_actuate_wings
 .text.start_DRS_button
                0x0000000008002e00       0x14 Core/Src/main.o
                0x0000000008002e00                start_DRS_button
 .text.start_fetch_data
                0x0000000008002e14       0x14 Core/Src/main.o
                0x0000000008002e14                start_fetch_data
 .text.HAL_TIM_PeriodElapsedCallback
                0x0000000008002e28       0x24 Core/Src/main.o
                0x0000000008002e28                HAL_TIM_PeriodElapsedCallback
 .text.Error_Handler
                0x0000000008002e4c        0xa Core/Src/main.o
                0x0000000008002e4c                Error_Handler
 *fill*         0x0000000008002e56        0x2 
 .text.HAL_MspInit
                0x0000000008002e58       0x48 Core/Src/stm32f0xx_hal_msp.o
                0x0000000008002e58                HAL_MspInit
 .text.HAL_CAN_MspInit
                0x0000000008002ea0       0xac Core/Src/stm32f0xx_hal_msp.o
                0x0000000008002ea0                HAL_CAN_MspInit
 .text.HAL_TIM_PWM_MspInit
                0x0000000008002f4c       0x3c Core/Src/stm32f0xx_hal_msp.o
                0x0000000008002f4c                HAL_TIM_PWM_MspInit
 .text.HAL_TIM_Base_MspInit
                0x0000000008002f88       0x40 Core/Src/stm32f0xx_hal_msp.o
                0x0000000008002f88                HAL_TIM_Base_MspInit
 .text.HAL_TIM_MspPostInit
                0x0000000008002fc8       0xc8 Core/Src/stm32f0xx_hal_msp.o
                0x0000000008002fc8                HAL_TIM_MspPostInit
 .text.HAL_UART_MspInit
                0x0000000008003090       0x98 Core/Src/stm32f0xx_hal_msp.o
                0x0000000008003090                HAL_UART_MspInit
 .text.HAL_InitTick
                0x0000000008003128       0xb8 Core/Src/stm32f0xx_hal_timebase_tim.o
                0x0000000008003128                HAL_InitTick
 .text.NMI_Handler
                0x00000000080031e0        0xa Core/Src/stm32f0xx_it.o
                0x00000000080031e0                NMI_Handler
 .text.HardFault_Handler
                0x00000000080031ea        0x6 Core/Src/stm32f0xx_it.o
                0x00000000080031ea                HardFault_Handler
 .text.TIM6_DAC_IRQHandler
                0x00000000080031f0       0x18 Core/Src/stm32f0xx_it.o
                0x00000000080031f0                TIM6_DAC_IRQHandler
 .text.CEC_CAN_IRQHandler
                0x0000000008003208       0x18 Core/Src/stm32f0xx_it.o
                0x0000000008003208                CEC_CAN_IRQHandler
 .text.SystemInit
                0x0000000008003220        0xa Core/Src/system_stm32f0xx.o
                0x0000000008003220                SystemInit
 *fill*         0x000000000800322a        0x2 
 .text.Reset_Handler
                0x000000000800322c       0x50 Core/Startup/startup_stm32f072rbtx.o
                0x000000000800322c                Reset_Handler
 .text.Default_Handler
                0x000000000800327c        0x2 Core/Startup/startup_stm32f072rbtx.o
                0x000000000800327c                TIM1_CC_IRQHandler
                0x000000000800327c                TSC_IRQHandler
                0x000000000800327c                ADC1_COMP_IRQHandler
                0x000000000800327c                I2C1_IRQHandler
                0x000000000800327c                RCC_CRS_IRQHandler
                0x000000000800327c                SPI1_IRQHandler
                0x000000000800327c                USART3_4_IRQHandler
                0x000000000800327c                EXTI2_3_IRQHandler
                0x000000000800327c                I2C2_IRQHandler
                0x000000000800327c                TIM17_IRQHandler
                0x000000000800327c                RTC_IRQHandler
                0x000000000800327c                PVD_VDDIO2_IRQHandler
                0x000000000800327c                DMA1_Channel4_5_6_7_IRQHandler
                0x000000000800327c                TIM16_IRQHandler
                0x000000000800327c                TIM3_IRQHandler
                0x000000000800327c                EXTI4_15_IRQHandler
                0x000000000800327c                DMA1_Channel1_IRQHandler
                0x000000000800327c                Default_Handler
                0x000000000800327c                TIM14_IRQHandler
                0x000000000800327c                TIM7_IRQHandler
                0x000000000800327c                TIM15_IRQHandler
                0x000000000800327c                EXTI0_1_IRQHandler
                0x000000000800327c                USB_IRQHandler
                0x000000000800327c                SPI2_IRQHandler
                0x000000000800327c                WWDG_IRQHandler
                0x000000000800327c                TIM2_IRQHandler
                0x000000000800327c                DMA1_Channel2_3_IRQHandler
                0x000000000800327c                USART2_IRQHandler
                0x000000000800327c                FLASH_IRQHandler
                0x000000000800327c                USART1_IRQHandler
                0x000000000800327c                TIM1_BRK_UP_TRG_COM_IRQHandler
 *fill*         0x000000000800327e        0x2 
 .text.HAL_Init
                0x0000000008003280       0x28 Drivers/STM32F0xx_HAL_Driver/Src/stm32f0xx_hal.o
                0x0000000008003280                HAL_Init
 .text.HAL_IncTick
                0x00000000080032a8       0x24 Drivers/STM32F0xx_HAL_Driver/Src/stm32f0xx_hal.o
                0x00000000080032a8                HAL_IncTick
 .text.HAL_GetTick
                0x00000000080032cc       0x14 Drivers/STM32F0xx_HAL_Driver/Src/stm32f0xx_hal.o
                0x00000000080032cc                HAL_GetTick
 .text.HAL_CAN_Init
                0x00000000080032e0      0x1fc Drivers/STM32F0xx_HAL_Driver/Src/stm32f0xx_hal_can.o
                0x00000000080032e0                HAL_CAN_Init
 .text.HAL_CAN_GetRxMessage
                0x00000000080034dc      0x238 Drivers/STM32F0xx_HAL_Driver/Src/stm32f0xx_hal_can.o
                0x00000000080034dc                HAL_CAN_GetRxMessage
 .text.HAL_CAN_GetRxFifoFillLevel
                0x0000000008003714       0x56 Drivers/STM32F0xx_HAL_Driver/Src/stm32f0xx_hal_can.o
                0x0000000008003714                HAL_CAN_GetRxFifoFillLevel
 .text.HAL_CAN_IRQHandler
                0x000000000800376a      0x362 Drivers/STM32F0xx_HAL_Driver/Src/stm32f0xx_hal_can.o
                0x000000000800376a                HAL_CAN_IRQHandler
 .text.HAL_CAN_TxMailbox0CompleteCallback
                0x0000000008003acc       0x10 Drivers/STM32F0xx_HAL_Driver/Src/stm32f0xx_hal_can.o
                0x0000000008003acc                HAL_CAN_TxMailbox0CompleteCallback
 .text.HAL_CAN_TxMailbox1CompleteCallback
                0x0000000008003adc       0x10 Drivers/STM32F0xx_HAL_Driver/Src/stm32f0xx_hal_can.o
                0x0000000008003adc                HAL_CAN_TxMailbox1CompleteCallback
 .text.HAL_CAN_TxMailbox2CompleteCallback
                0x0000000008003aec       0x10 Drivers/STM32F0xx_HAL_Driver/Src/stm32f0xx_hal_can.o
                0x0000000008003aec                HAL_CAN_TxMailbox2CompleteCallback
 .text.HAL_CAN_TxMailbox0AbortCallback
                0x0000000008003afc       0x10 Drivers/STM32F0xx_HAL_Driver/Src/stm32f0xx_hal_can.o
                0x0000000008003afc                HAL_CAN_TxMailbox0AbortCallback
 .text.HAL_CAN_TxMailbox1AbortCallback
                0x0000000008003b0c       0x10 Drivers/STM32F0xx_HAL_Driver/Src/stm32f0xx_hal_can.o
                0x0000000008003b0c                HAL_CAN_TxMailbox1AbortCallback
 .text.HAL_CAN_TxMailbox2AbortCallback
                0x0000000008003b1c       0x10 Drivers/STM32F0xx_HAL_Driver/Src/stm32f0xx_hal_can.o
                0x0000000008003b1c                HAL_CAN_TxMailbox2AbortCallback
 .text.HAL_CAN_RxFifo0FullCallback
                0x0000000008003b2c       0x10 Drivers/STM32F0xx_HAL_Driver/Src/stm32f0xx_hal_can.o
                0x0000000008003b2c                HAL_CAN_RxFifo0FullCallback
 .text.HAL_CAN_RxFifo1FullCallback
                0x0000000008003b3c       0x10 Drivers/STM32F0xx_HAL_Driver/Src/stm32f0xx_hal_can.o
                0x0000000008003b3c                HAL_CAN_RxFifo1FullCallback
 .text.HAL_CAN_SleepCallback
                0x0000000008003b4c       0x10 Drivers/STM32F0xx_HAL_Driver/Src/stm32f0xx_hal_can.o
                0x0000000008003b4c                HAL_CAN_SleepCallback
 .text.HAL_CAN_WakeUpFromRxMsgCallback
                0x0000000008003b5c       0x10 Drivers/STM32F0xx_HAL_Driver/Src/stm32f0xx_hal_can.o
                0x0000000008003b5c                HAL_CAN_WakeUpFromRxMsgCallback
 .text.HAL_CAN_ErrorCallback
                0x0000000008003b6c       0x10 Drivers/STM32F0xx_HAL_Driver/Src/stm32f0xx_hal_can.o
                0x0000000008003b6c                HAL_CAN_ErrorCallback
 .text.__NVIC_EnableIRQ
                0x0000000008003b7c       0x34 Drivers/STM32F0xx_HAL_Driver/Src/stm32f0xx_hal_cortex.o
 .text.__NVIC_SetPriority
                0x0000000008003bb0       0xdc Drivers/STM32F0xx_HAL_Driver/Src/stm32f0xx_hal_cortex.o
 .text.HAL_NVIC_SetPriority
                0x0000000008003c8c       0x2a Drivers/STM32F0xx_HAL_Driver/Src/stm32f0xx_hal_cortex.o
                0x0000000008003c8c                HAL_NVIC_SetPriority
 .text.HAL_NVIC_EnableIRQ
                0x0000000008003cb6       0x20 Drivers/STM32F0xx_HAL_Driver/Src/stm32f0xx_hal_cortex.o
                0x0000000008003cb6                HAL_NVIC_EnableIRQ
 *fill*         0x0000000008003cd6        0x2 
 .text.HAL_GPIO_Init
                0x0000000008003cd8      0x2f0 Drivers/STM32F0xx_HAL_Driver/Src/stm32f0xx_hal_gpio.o
                0x0000000008003cd8                HAL_GPIO_Init
 .text.HAL_GPIO_ReadPin
                0x0000000008003fc8       0x3a Drivers/STM32F0xx_HAL_Driver/Src/stm32f0xx_hal_gpio.o
                0x0000000008003fc8                HAL_GPIO_ReadPin
 .text.HAL_GPIO_WritePin
                0x0000000008004002       0x3a Drivers/STM32F0xx_HAL_Driver/Src/stm32f0xx_hal_gpio.o
                0x0000000008004002                HAL_GPIO_WritePin
 .text.HAL_RCC_OscConfig
                0x000000000800403c      0x70c Drivers/STM32F0xx_HAL_Driver/Src/stm32f0xx_hal_rcc.o
                0x000000000800403c                HAL_RCC_OscConfig
 .text.HAL_RCC_ClockConfig
                0x0000000008004748      0x1b4 Drivers/STM32F0xx_HAL_Driver/Src/stm32f0xx_hal_rcc.o
                0x0000000008004748                HAL_RCC_ClockConfig
 .text.HAL_RCC_GetSysClockFreq
                0x00000000080048fc       0xfc Drivers/STM32F0xx_HAL_Driver/Src/stm32f0xx_hal_rcc.o
                0x00000000080048fc                HAL_RCC_GetSysClockFreq
 .text.HAL_RCC_GetHCLKFreq
                0x00000000080049f8       0x14 Drivers/STM32F0xx_HAL_Driver/Src/stm32f0xx_hal_rcc.o
                0x00000000080049f8                HAL_RCC_GetHCLKFreq
 .text.HAL_RCC_GetPCLK1Freq
                0x0000000008004a0c       0x2c Drivers/STM32F0xx_HAL_Driver/Src/stm32f0xx_hal_rcc.o
                0x0000000008004a0c                HAL_RCC_GetPCLK1Freq
 .text.HAL_RCC_GetClockConfig
                0x0000000008004a38       0x54 Drivers/STM32F0xx_HAL_Driver/Src/stm32f0xx_hal_rcc.o
                0x0000000008004a38                HAL_RCC_GetClockConfig
 .text.HAL_RCCEx_PeriphCLKConfig
                0x0000000008004a8c      0x1fc Drivers/STM32F0xx_HAL_Driver/Src/stm32f0xx_hal_rcc_ex.o
                0x0000000008004a8c                HAL_RCCEx_PeriphCLKConfig
 .text.HAL_TIM_Base_Init
                0x0000000008004c88       0x58 Drivers/STM32F0xx_HAL_Driver/Src/stm32f0xx_hal_tim.o
                0x0000000008004c88                HAL_TIM_Base_Init
 .text.HAL_TIM_Base_Start_IT
                0x0000000008004ce0       0x44 Drivers/STM32F0xx_HAL_Driver/Src/stm32f0xx_hal_tim.o
                0x0000000008004ce0                HAL_TIM_Base_Start_IT
 .text.HAL_TIM_PWM_Init
                0x0000000008004d24       0x58 Drivers/STM32F0xx_HAL_Driver/Src/stm32f0xx_hal_tim.o
                0x0000000008004d24                HAL_TIM_PWM_Init
 .text.HAL_TIM_PWM_Start
                0x0000000008004d7c       0x98 Drivers/STM32F0xx_HAL_Driver/Src/stm32f0xx_hal_tim.o
                0x0000000008004d7c                HAL_TIM_PWM_Start
 .text.HAL_TIM_PWM_Stop
                0x0000000008004e14       0xc8 Drivers/STM32F0xx_HAL_Driver/Src/stm32f0xx_hal_tim.o
                0x0000000008004e14                HAL_TIM_PWM_Stop
 .text.HAL_TIM_IRQHandler
                0x0000000008004edc      0x22c Drivers/STM32F0xx_HAL_Driver/Src/stm32f0xx_hal_tim.o
                0x0000000008004edc                HAL_TIM_IRQHandler
 .text.HAL_TIM_PWM_ConfigChannel
                0x0000000008005108      0x17c Drivers/STM32F0xx_HAL_Driver/Src/stm32f0xx_hal_tim.o
                0x0000000008005108                HAL_TIM_PWM_ConfigChannel
 .text.HAL_TIM_OC_DelayElapsedCallback
                0x0000000008005284       0x10 Drivers/STM32F0xx_HAL_Driver/Src/stm32f0xx_hal_tim.o
                0x0000000008005284                HAL_TIM_OC_DelayElapsedCallback
 .text.HAL_TIM_IC_CaptureCallback
                0x0000000008005294       0x10 Drivers/STM32F0xx_HAL_Driver/Src/stm32f0xx_hal_tim.o
                0x0000000008005294                HAL_TIM_IC_CaptureCallback
 .text.HAL_TIM_PWM_PulseFinishedCallback
                0x00000000080052a4       0x10 Drivers/STM32F0xx_HAL_Driver/Src/stm32f0xx_hal_tim.o
                0x00000000080052a4                HAL_TIM_PWM_PulseFinishedCallback
 .text.HAL_TIM_TriggerCallback
                0x00000000080052b4       0x10 Drivers/STM32F0xx_HAL_Driver/Src/stm32f0xx_hal_tim.o
                0x00000000080052b4                HAL_TIM_TriggerCallback
 .text.TIM_Base_SetConfig
                0x00000000080052c4      0x100 Drivers/STM32F0xx_HAL_Driver/Src/stm32f0xx_hal_tim.o
                0x00000000080052c4                TIM_Base_SetConfig
 .text.TIM_OC1_SetConfig
                0x00000000080053c4      0x110 Drivers/STM32F0xx_HAL_Driver/Src/stm32f0xx_hal_tim.o
 .text.TIM_OC2_SetConfig
                0x00000000080054d4      0x108 Drivers/STM32F0xx_HAL_Driver/Src/stm32f0xx_hal_tim.o
                0x00000000080054d4                TIM_OC2_SetConfig
 .text.TIM_OC3_SetConfig
                0x00000000080055dc      0x10c Drivers/STM32F0xx_HAL_Driver/Src/stm32f0xx_hal_tim.o
 .text.TIM_OC4_SetConfig
                0x00000000080056e8       0xd4 Drivers/STM32F0xx_HAL_Driver/Src/stm32f0xx_hal_tim.o
 .text.TIM_CCxChannelCmd
                0x00000000080057bc       0x46 Drivers/STM32F0xx_HAL_Driver/Src/stm32f0xx_hal_tim.o
                0x00000000080057bc                TIM_CCxChannelCmd
 *fill*         0x0000000008005802        0x2 
 .text.HAL_TIMEx_MasterConfigSynchronization
                0x0000000008005804       0xbc Drivers/STM32F0xx_HAL_Driver/Src/stm32f0xx_hal_tim_ex.o
                0x0000000008005804                HAL_TIMEx_MasterConfigSynchronization
 .text.HAL_TIMEx_CommutCallback
                0x00000000080058c0       0x10 Drivers/STM32F0xx_HAL_Driver/Src/stm32f0xx_hal_tim_ex.o
                0x00000000080058c0                HAL_TIMEx_CommutCallback
 .text.HAL_TIMEx_BreakCallback
                0x00000000080058d0       0x10 Drivers/STM32F0xx_HAL_Driver/Src/stm32f0xx_hal_tim_ex.o
                0x00000000080058d0                HAL_TIMEx_BreakCallback
 .text.HAL_UART_Init
                0x00000000080058e0       0xa8 Drivers/STM32F0xx_HAL_Driver/Src/stm32f0xx_hal_uart.o
                0x00000000080058e0                HAL_UART_Init
 .text.UART_SetConfig
                0x0000000008005988      0x39c Drivers/STM32F0xx_HAL_Driver/Src/stm32f0xx_hal_uart.o
                0x0000000008005988                UART_SetConfig
 .text.UART_AdvFeatureConfig
                0x0000000008005d24      0x168 Drivers/STM32F0xx_HAL_Driver/Src/stm32f0xx_hal_uart.o
                0x0000000008005d24                UART_AdvFeatureConfig
 .text.UART_CheckIdleState
                0x0000000008005e8c       0x8c Drivers/STM32F0xx_HAL_Driver/Src/stm32f0xx_hal_uart.o
                0x0000000008005e8c                UART_CheckIdleState
 .text.UART_WaitOnFlagUntilTimeout
                0x0000000008005f18       0xfc Drivers/STM32F0xx_HAL_Driver/Src/stm32f0xx_hal_uart.o
                0x0000000008005f18                UART_WaitOnFlagUntilTimeout
 .text.osKernelInitialize
                0x0000000008006014       0x58 Middlewares/Third_Party/FreeRTOS/Source/CMSIS_RTOS_V2/cmsis_os2.o
                0x0000000008006014                osKernelInitialize
 .text.osKernelStart
                0x000000000800606c       0x5c Middlewares/Third_Party/FreeRTOS/Source/CMSIS_RTOS_V2/cmsis_os2.o
                0x000000000800606c                osKernelStart
 .text.osThreadNew
                0x00000000080060c8      0x150 Middlewares/Third_Party/FreeRTOS/Source/CMSIS_RTOS_V2/cmsis_os2.o
                0x00000000080060c8                osThreadNew
 .text.osDelay  0x0000000008006218       0x50 Middlewares/Third_Party/FreeRTOS/Source/CMSIS_RTOS_V2/cmsis_os2.o
                0x0000000008006218                osDelay
 .text.vApplicationGetIdleTaskMemory
                0x0000000008006268       0x30 Middlewares/Third_Party/FreeRTOS/Source/CMSIS_RTOS_V2/cmsis_os2.o
                0x0000000008006268                vApplicationGetIdleTaskMemory
 .text.vApplicationGetTimerTaskMemory
                0x0000000008006298       0x30 Middlewares/Third_Party/FreeRTOS/Source/CMSIS_RTOS_V2/cmsis_os2.o
                0x0000000008006298                vApplicationGetTimerTaskMemory
 .text.vListInitialise
                0x00000000080062c8       0x3c Middlewares/Third_Party/FreeRTOS/Source/list.o
                0x00000000080062c8                vListInitialise
 .text.vListInitialiseItem
                0x0000000008006304       0x16 Middlewares/Third_Party/FreeRTOS/Source/list.o
                0x0000000008006304                vListInitialiseItem
 .text.vListInsertEnd
                0x000000000800631a       0x44 Middlewares/Third_Party/FreeRTOS/Source/list.o
                0x000000000800631a                vListInsertEnd
 .text.vListInsert
                0x000000000800635e       0x6c Middlewares/Third_Party/FreeRTOS/Source/list.o
                0x000000000800635e                vListInsert
 .text.uxListRemove
                0x00000000080063ca       0x50 Middlewares/Third_Party/FreeRTOS/Source/list.o
                0x00000000080063ca                uxListRemove
 .text.xQueueGenericReset
                0x000000000800641a       0xa8 Middlewares/Third_Party/FreeRTOS/Source/queue.o
                0x000000000800641a                xQueueGenericReset
 .text.xQueueGenericCreateStatic
                0x00000000080064c2       0x96 Middlewares/Third_Party/FreeRTOS/Source/queue.o
                0x00000000080064c2                xQueueGenericCreateStatic
 .text.prvInitialiseNewQueue
                0x0000000008006558       0x4e Middlewares/Third_Party/FreeRTOS/Source/queue.o
 .text.xQueueGenericSend
                0x00000000080065a6      0x188 Middlewares/Third_Party/FreeRTOS/Source/queue.o
                0x00000000080065a6                xQueueGenericSend
 .text.xQueueGenericSendFromISR
                0x000000000800672e       0xe2 Middlewares/Third_Party/FreeRTOS/Source/queue.o
                0x000000000800672e                xQueueGenericSendFromISR
 .text.xQueueReceive
                0x0000000008006810      0x16a Middlewares/Third_Party/FreeRTOS/Source/queue.o
                0x0000000008006810                xQueueReceive
 .text.prvCopyDataToQueue
                0x000000000800697a       0xd6 Middlewares/Third_Party/FreeRTOS/Source/queue.o
 .text.prvCopyDataFromQueue
                0x0000000008006a50       0x4c Middlewares/Third_Party/FreeRTOS/Source/queue.o
 .text.prvUnlockQueue
                0x0000000008006a9c       0xbc Middlewares/Third_Party/FreeRTOS/Source/queue.o
 .text.prvIsQueueEmpty
                0x0000000008006b58       0x2c Middlewares/Third_Party/FreeRTOS/Source/queue.o
 .text.prvIsQueueFull
                0x0000000008006b84       0x30 Middlewares/Third_Party/FreeRTOS/Source/queue.o
 .text.vQueueAddToRegistry
                0x0000000008006bb4       0x50 Middlewares/Third_Party/FreeRTOS/Source/queue.o
                0x0000000008006bb4                vQueueAddToRegistry
 .text.vQueueWaitForMessageRestricted
                0x0000000008006c04       0x66 Middlewares/Third_Party/FreeRTOS/Source/queue.o
                0x0000000008006c04                vQueueWaitForMessageRestricted
 .text.xTaskCreateStatic
                0x0000000008006c6a       0x86 Middlewares/Third_Party/FreeRTOS/Source/tasks.o
                0x0000000008006c6a                xTaskCreateStatic
 .text.xTaskCreate
                0x0000000008006cf0       0x98 Middlewares/Third_Party/FreeRTOS/Source/tasks.o
                0x0000000008006cf0                xTaskCreate
 .text.prvInitialiseNewTask
                0x0000000008006d88      0x104 Middlewares/Third_Party/FreeRTOS/Source/tasks.o
 .text.prvAddNewTaskToReadyList
                0x0000000008006e8c       0xd0 Middlewares/Third_Party/FreeRTOS/Source/tasks.o
 .text.vTaskDelay
                0x0000000008006f5c       0x4c Middlewares/Third_Party/FreeRTOS/Source/tasks.o
                0x0000000008006f5c                vTaskDelay
 .text.vTaskStartScheduler
                0x0000000008006fa8       0xa8 Middlewares/Third_Party/FreeRTOS/Source/tasks.o
                0x0000000008006fa8                vTaskStartScheduler
 .text.vTaskSuspendAll
                0x0000000008007050       0x18 Middlewares/Third_Party/FreeRTOS/Source/tasks.o
                0x0000000008007050                vTaskSuspendAll
 .text.xTaskResumeAll
                0x0000000008007068      0x118 Middlewares/Third_Party/FreeRTOS/Source/tasks.o
                0x0000000008007068                xTaskResumeAll
 .text.xTaskGetTickCount
                0x0000000008007180       0x1c Middlewares/Third_Party/FreeRTOS/Source/tasks.o
                0x0000000008007180                xTaskGetTickCount
 .text.xTaskIncrementTick
                0x000000000800719c      0x168 Middlewares/Third_Party/FreeRTOS/Source/tasks.o
                0x000000000800719c                xTaskIncrementTick
 .text.vTaskSwitchContext
                0x0000000008007304       0xa4 Middlewares/Third_Party/FreeRTOS/Source/tasks.o
                0x0000000008007304                vTaskSwitchContext
 .text.vTaskPlaceOnEventList
                0x00000000080073a8       0x3c Middlewares/Third_Party/FreeRTOS/Source/tasks.o
                0x00000000080073a8                vTaskPlaceOnEventList
 .text.vTaskPlaceOnEventListRestricted
                0x00000000080073e4       0x4c Middlewares/Third_Party/FreeRTOS/Source/tasks.o
                0x00000000080073e4                vTaskPlaceOnEventListRestricted
 .text.xTaskRemoveFromEventList
                0x0000000008007430       0xb8 Middlewares/Third_Party/FreeRTOS/Source/tasks.o
                0x0000000008007430                xTaskRemoveFromEventList
 .text.vTaskInternalSetTimeOutState
                0x00000000080074e8       0x28 Middlewares/Third_Party/FreeRTOS/Source/tasks.o
                0x00000000080074e8                vTaskInternalSetTimeOutState
 .text.xTaskCheckForTimeOut
                0x0000000008007510       0xa0 Middlewares/Third_Party/FreeRTOS/Source/tasks.o
                0x0000000008007510                xTaskCheckForTimeOut
 .text.vTaskMissedYield
                0x00000000080075b0       0x14 Middlewares/Third_Party/FreeRTOS/Source/tasks.o
                0x00000000080075b0                vTaskMissedYield
 .text.prvIdleTask
                0x00000000080075c4       0x20 Middlewares/Third_Party/FreeRTOS/Source/tasks.o
 .text.prvInitialiseTaskLists
                0x00000000080075e4       0x88 Middlewares/Third_Party/FreeRTOS/Source/tasks.o
 .text.prvCheckTasksWaitingTermination
                0x000000000800766c       0x5c Middlewares/Third_Party/FreeRTOS/Source/tasks.o
 .text.prvDeleteTCB
                0x00000000080076c8       0x50 Middlewares/Third_Party/FreeRTOS/Source/tasks.o
 .text.prvResetNextTaskUnblockTime
                0x0000000008007718       0x48 Middlewares/Third_Party/FreeRTOS/Source/tasks.o
 .text.xTaskGetSchedulerState
                0x0000000008007760       0x38 Middlewares/Third_Party/FreeRTOS/Source/tasks.o
                0x0000000008007760                xTaskGetSchedulerState
 .text.xTaskPriorityDisinherit
                0x0000000008007798       0xb8 Middlewares/Third_Party/FreeRTOS/Source/tasks.o
                0x0000000008007798                xTaskPriorityDisinherit
 .text.prvAddCurrentTaskToDelayedList
                0x0000000008007850       0xa8 Middlewares/Third_Party/FreeRTOS/Source/tasks.o
 .text.xTimerCreateTimerTask
                0x00000000080078f8       0x7c Middlewares/Third_Party/FreeRTOS/Source/timers.o
                0x00000000080078f8                xTimerCreateTimerTask
 .text.xTimerGenericCommand
                0x0000000008007974       0x98 Middlewares/Third_Party/FreeRTOS/Source/timers.o
                0x0000000008007974                xTimerGenericCommand
 .text.prvProcessExpiredTimer
                0x0000000008007a0c       0x70 Middlewares/Third_Party/FreeRTOS/Source/timers.o
 .text.prvTimerTask
                0x0000000008007a7c       0x28 Middlewares/Third_Party/FreeRTOS/Source/timers.o
 .text.prvProcessTimerOrBlockTask
                0x0000000008007aa4       0x8c Middlewares/Third_Party/FreeRTOS/Source/timers.o
 .text.prvGetNextExpireTime
                0x0000000008007b30       0x40 Middlewares/Third_Party/FreeRTOS/Source/timers.o
 .text.prvSampleTimeNow
                0x0000000008007b70       0x40 Middlewares/Third_Party/FreeRTOS/Source/timers.o
 .text.prvInsertTimerInActiveList
                0x0000000008007bb0       0x84 Middlewares/Third_Party/FreeRTOS/Source/timers.o
 .text.prvProcessReceivedCommands
                0x0000000008007c34      0x134 Middlewares/Third_Party/FreeRTOS/Source/timers.o
 .text.prvSwitchTimerLists
                0x0000000008007d68       0xb4 Middlewares/Third_Party/FreeRTOS/Source/timers.o
 .text.prvCheckForValidListAndQueue
                0x0000000008007e1c       0x88 Middlewares/Third_Party/FreeRTOS/Source/timers.o
 .text.pxPortInitialiseStack
                0x0000000008007ea4       0x54 Middlewares/Third_Party/FreeRTOS/Source/portable/GCC/ARM_CM0/port.o
                0x0000000008007ea4                pxPortInitialiseStack
 .text.prvTaskExitError
                0x0000000008007ef8       0x2c Middlewares/Third_Party/FreeRTOS/Source/portable/GCC/ARM_CM0/port.o
 .text.SVC_Handler
                0x0000000008007f24        0xa Middlewares/Third_Party/FreeRTOS/Source/portable/GCC/ARM_CM0/port.o
                0x0000000008007f24                SVC_Handler
 *fill*         0x0000000008007f2e        0x2 
 .text.vPortStartFirstTask
                0x0000000008007f30       0x38 Middlewares/Third_Party/FreeRTOS/Source/portable/GCC/ARM_CM0/port.o
 .text.xPortStartScheduler
                0x0000000008007f68       0x48 Middlewares/Third_Party/FreeRTOS/Source/portable/GCC/ARM_CM0/port.o
                0x0000000008007f68                xPortStartScheduler
 .text.vPortYield
                0x0000000008007fb0       0x20 Middlewares/Third_Party/FreeRTOS/Source/portable/GCC/ARM_CM0/port.o
                0x0000000008007fb0                vPortYield
 .text.vPortEnterCritical
                0x0000000008007fd0       0x24 Middlewares/Third_Party/FreeRTOS/Source/portable/GCC/ARM_CM0/port.o
                0x0000000008007fd0                vPortEnterCritical
 .text.vPortExitCritical
                0x0000000008007ff4       0x30 Middlewares/Third_Party/FreeRTOS/Source/portable/GCC/ARM_CM0/port.o
                0x0000000008007ff4                vPortExitCritical
 .text.ulSetInterruptMaskFromISR
                0x0000000008008024        0xc Middlewares/Third_Party/FreeRTOS/Source/portable/GCC/ARM_CM0/port.o
                0x0000000008008024                ulSetInterruptMaskFromISR
 .text.vClearInterruptMaskFromISR
                0x0000000008008030        0x8 Middlewares/Third_Party/FreeRTOS/Source/portable/GCC/ARM_CM0/port.o
                0x0000000008008030                vClearInterruptMaskFromISR
 *fill*         0x0000000008008038        0x8 
 .text.PendSV_Handler
                0x0000000008008040       0x48 Middlewares/Third_Party/FreeRTOS/Source/portable/GCC/ARM_CM0/port.o
                0x0000000008008040                PendSV_Handler
 .text.SysTick_Handler
                0x0000000008008088       0x34 Middlewares/Third_Party/FreeRTOS/Source/portable/GCC/ARM_CM0/port.o
                0x0000000008008088                SysTick_Handler
 .text.prvSetupTimerInterrupt
                0x00000000080080bc       0x44 Middlewares/Third_Party/FreeRTOS/Source/portable/GCC/ARM_CM0/port.o
 .text.pvPortMalloc
                0x0000000008008100      0x14c Middlewares/Third_Party/FreeRTOS/Source/portable/MemMang/heap_4.o
                0x0000000008008100                pvPortMalloc
 .text.vPortFree
                0x000000000800824c       0x90 Middlewares/Third_Party/FreeRTOS/Source/portable/MemMang/heap_4.o
                0x000000000800824c                vPortFree
 .text.prvHeapInit
                0x00000000080082dc       0xc0 Middlewares/Third_Party/FreeRTOS/Source/portable/MemMang/heap_4.o
 .text.prvInsertBlockIntoFreeList
                0x000000000800839c       0xb0 Middlewares/Third_Party/FreeRTOS/Source/portable/MemMang/heap_4.o
 .text.__libc_init_array
                0x000000000800844c       0x48 /tools/toolchain/bin/../lib/gcc/arm-none-eabi/8.3.1/../../../../arm-none-eabi/lib/thumb/v6-m/nofp/libc_nano.a(lib_a-init.o)
                0x000000000800844c                __libc_init_array
 .text.memcpy   0x0000000008008494       0x12 /tools/toolchain/bin/../lib/gcc/arm-none-eabi/8.3.1/../../../../arm-none-eabi/lib/thumb/v6-m/nofp/libc_nano.a(lib_a-memcpy-stub.o)
                0x0000000008008494                memcpy
 .text.memset   0x00000000080084a6       0x10 /tools/toolchain/bin/../lib/gcc/arm-none-eabi/8.3.1/../../../../arm-none-eabi/lib/thumb/v6-m/nofp/libc_nano.a(lib_a-memset.o)
                0x00000000080084a6                memset
 *(.glue_7)
 .glue_7        0x00000000080084b6        0x0 linker stubs
 *(.glue_7t)
 .glue_7t       0x00000000080084b6        0x0 linker stubs
 *(.eh_frame)
 *fill*         0x00000000080084b6        0x2 
 .eh_frame      0x00000000080084b8        0x0 /tools/toolchain/bin/../lib/gcc/arm-none-eabi/8.3.1/thumb/v6-m/nofp/crtbegin.o
 *(.init)
 .init          0x00000000080084b8        0x4 /tools/toolchain/bin/../lib/gcc/arm-none-eabi/8.3.1/thumb/v6-m/nofp/crti.o
                0x00000000080084b8                _init
 .init          0x00000000080084bc        0x8 /tools/toolchain/bin/../lib/gcc/arm-none-eabi/8.3.1/thumb/v6-m/nofp/crtn.o
 *(.fini)
 .fini          0x00000000080084c4        0x4 /tools/toolchain/bin/../lib/gcc/arm-none-eabi/8.3.1/thumb/v6-m/nofp/crti.o
                0x00000000080084c4                _fini
 .fini          0x00000000080084c8        0x8 /tools/toolchain/bin/../lib/gcc/arm-none-eabi/8.3.1/thumb/v6-m/nofp/crtn.o
                0x00000000080084d0                . = ALIGN (0x4)
                0x00000000080084d0                _etext = .

.vfp11_veneer   0x00000000080084d0        0x0
 .vfp11_veneer  0x00000000080084d0        0x0 linker stubs

.v4_bx          0x00000000080084d0        0x0
 .v4_bx         0x00000000080084d0        0x0 linker stubs

.iplt           0x00000000080084d0        0x0
 .iplt          0x00000000080084d0        0x0 /tools/toolchain/bin/../lib/gcc/arm-none-eabi/8.3.1/thumb/v6-m/nofp/crtbegin.o

.rodata         0x00000000080084d0      0x184
                0x00000000080084d0                . = ALIGN (0x4)
 *(.rodata)
 .rodata        0x00000000080084d0       0x3c Core/Src/main.o
 .rodata        0x000000000800850c       0x20 Drivers/STM32F0xx_HAL_Driver/Src/stm32f0xx_hal_rcc.o
 .rodata        0x000000000800852c        0x5 Middlewares/Third_Party/FreeRTOS/Source/tasks.o
 *fill*         0x0000000008008531        0x3 
 .rodata        0x0000000008008534        0xd Middlewares/Third_Party/FreeRTOS/Source/timers.o
 *fill*         0x0000000008008541        0x3 
 .rodata        0x0000000008008544       0x40 /tools/toolchain/bin/../lib/gcc/arm-none-eabi/8.3.1/thumb/v6-m/nofp/libgcc.a(muldf3.o)
 *(.rodata*)
 .rodata.start_update_ca_attributes
                0x0000000008008584       0x24 Core/Src/main.o
                0x0000000008008584                start_update_ca_attributes
 .rodata.actuate_wings_attributes
                0x00000000080085a8       0x24 Core/Src/main.o
                0x00000000080085a8                actuate_wings_attributes
 .rodata.DRS_button_attributes
                0x00000000080085cc       0x24 Core/Src/main.o
                0x00000000080085cc                DRS_button_attributes
 .rodata.start_fetch_dat_attributes
                0x00000000080085f0       0x24 Core/Src/main.o
                0x00000000080085f0                start_fetch_dat_attributes
 .rodata.AHBPrescTable
                0x0000000008008614       0x10 Core/Src/system_stm32f0xx.o
                0x0000000008008614                AHBPrescTable
 .rodata.APBPrescTable
                0x0000000008008624        0x8 Core/Src/system_stm32f0xx.o
                0x0000000008008624                APBPrescTable
 .rodata.prvProcessReceivedCommands
                0x000000000800862c       0x28 Middlewares/Third_Party/FreeRTOS/Source/timers.o
                0x0000000008008654                . = ALIGN (0x4)

.rel.dyn        0x0000000008008654        0x0
 .rel.iplt      0x0000000008008654        0x0 /tools/toolchain/bin/../lib/gcc/arm-none-eabi/8.3.1/thumb/v6-m/nofp/crtbegin.o

.ARM.extab      0x0000000008008654        0x0
                0x0000000008008654                . = ALIGN (0x4)
 *(.ARM.extab* .gnu.linkonce.armextab.*)
                0x0000000008008654                . = ALIGN (0x4)

.ARM            0x0000000008008654        0x0
                0x0000000008008654                . = ALIGN (0x4)
                0x0000000008008654                __exidx_start = .
 *(.ARM.exidx*)
                0x0000000008008654                __exidx_end = .
                0x0000000008008654                . = ALIGN (0x4)

.preinit_array  0x0000000008008654        0x0
                0x0000000008008654                . = ALIGN (0x4)
                0x0000000008008654                PROVIDE (__preinit_array_start = .)
 *(.preinit_array*)
                0x0000000008008654                PROVIDE (__preinit_array_end = .)
                0x0000000008008654                . = ALIGN (0x4)

.init_array     0x0000000008008654        0x4
                0x0000000008008654                . = ALIGN (0x4)
                0x0000000008008654                PROVIDE (__init_array_start = .)
 *(SORT_BY_NAME(.init_array.*))
 *(.init_array*)
 .init_array    0x0000000008008654        0x4 /tools/toolchain/bin/../lib/gcc/arm-none-eabi/8.3.1/thumb/v6-m/nofp/crtbegin.o
                0x0000000008008658                PROVIDE (__init_array_end = .)
                0x0000000008008658                . = ALIGN (0x4)

.fini_array     0x0000000008008658        0x4
                0x0000000008008658                . = ALIGN (0x4)
                [!provide]                        PROVIDE (__fini_array_start = .)
 *(SORT_BY_NAME(.fini_array.*))
 *(.fini_array*)
 .fini_array    0x0000000008008658        0x4 /tools/toolchain/bin/../lib/gcc/arm-none-eabi/8.3.1/thumb/v6-m/nofp/crtbegin.o
                [!provide]                        PROVIDE (__fini_array_end = .)
                0x000000000800865c                . = ALIGN (0x4)
                0x000000000800865c                _sidata = LOADADDR (.data)

.data           0x0000000020000000      0x104 load address 0x000000000800865c
                0x0000000020000000                . = ALIGN (0x4)
                0x0000000020000000                _sdata = .
 *(.data)
 *(.data*)
 .data.wheel_speed
                0x0000000020000000       0x28 Core/Src/GO4_ACM_2020.o
 .data.air_speed
                0x0000000020000028       0x28 Core/Src/GO4_ACM_2020.o
 .data.throttle_position
                0x0000000020000050       0x28 Core/Src/GO4_ACM_2020.o
 .data.steering_angle
                0x0000000020000078       0x28 Core/Src/GO4_ACM_2020.o
 .data.brake_pressure
                0x00000000200000a0       0x28 Core/Src/GO4_ACM_2020.o
 .data.acceleration
                0x00000000200000c8       0x28 Core/Src/GO4_ACM_2020.o
 .data.module_bus_number
                0x00000000200000f0        0x7 Core/Src/GopherCAN.o
                0x00000000200000f0                module_bus_number
 *fill*         0x00000000200000f7        0x1 
 .data.SystemCoreClock
                0x00000000200000f8        0x4 Core/Src/system_stm32f0xx.o
                0x00000000200000f8                SystemCoreClock
 .data.uwTickFreq
                0x00000000200000fc        0x1 Drivers/STM32F0xx_HAL_Driver/Src/stm32f0xx_hal.o
                0x00000000200000fc                uwTickFreq
 *fill*         0x00000000200000fd        0x3 
 .data.uxCriticalNesting
                0x0000000020000100        0x4 Middlewares/Third_Party/FreeRTOS/Source/portable/GCC/ARM_CM0/port.o
                0x0000000020000104                . = ALIGN (0x4)
                0x0000000020000104                _edata = .

.igot.plt       0x0000000020000104        0x0 load address 0x0000000008008760
 .igot.plt      0x0000000020000104        0x0 /tools/toolchain/bin/../lib/gcc/arm-none-eabi/8.3.1/thumb/v6-m/nofp/crtbegin.o
                0x0000000020000104                . = ALIGN (0x4)

.bss            0x0000000020000108     0x33bc load address 0x0000000008008760
                0x0000000020000108                _sbss = .
                0x0000000020000108                __bss_start__ = _sbss
 *(.bss)
 .bss           0x0000000020000108       0x1c /tools/toolchain/bin/../lib/gcc/arm-none-eabi/8.3.1/thumb/v6-m/nofp/crtbegin.o
 *(.bss*)
 .bss.last_wheel_speed_req
                0x0000000020000124        0x4 Core/Src/GO4_ACM_2020.o
                0x0000000020000124                last_wheel_speed_req
 .bss.last_air_speed_req
                0x0000000020000128        0x4 Core/Src/GO4_ACM_2020.o
                0x0000000020000128                last_air_speed_req
 .bss.last_throttle_position_req
                0x000000002000012c        0x4 Core/Src/GO4_ACM_2020.o
                0x000000002000012c                last_throttle_position_req
 .bss.last_steering_angle_req
                0x0000000020000130        0x4 Core/Src/GO4_ACM_2020.o
                0x0000000020000130                last_steering_angle_req
 .bss.last_brake_pressure_req
                0x0000000020000134        0x4 Core/Src/GO4_ACM_2020.o
                0x0000000020000134                last_brake_pressure_req
 .bss.hcan_error
                0x0000000020000138        0x4 Core/Src/GopherCAN.o
                0x0000000020000138                hcan_error
 .bss.KernelState
                0x000000002000013c        0x4 Middlewares/Third_Party/FreeRTOS/Source/CMSIS_RTOS_V2/cmsis_os2.o
 .bss.Idle_TCB  0x0000000020000140       0x5c Middlewares/Third_Party/FreeRTOS/Source/CMSIS_RTOS_V2/cmsis_os2.o
 .bss.Idle_Stack
                0x000000002000019c      0x200 Middlewares/Third_Party/FreeRTOS/Source/CMSIS_RTOS_V2/cmsis_os2.o
 .bss.Timer_TCB
                0x000000002000039c       0x5c Middlewares/Third_Party/FreeRTOS/Source/CMSIS_RTOS_V2/cmsis_os2.o
 .bss.Timer_Stack
                0x00000000200003f8      0x400 Middlewares/Third_Party/FreeRTOS/Source/CMSIS_RTOS_V2/cmsis_os2.o
 .bss.pxCurrentTCB
                0x00000000200007f8        0x4 Middlewares/Third_Party/FreeRTOS/Source/tasks.o
                0x00000000200007f8                pxCurrentTCB
 .bss.pxReadyTasksLists
                0x00000000200007fc      0x460 Middlewares/Third_Party/FreeRTOS/Source/tasks.o
 .bss.xDelayedTaskList1
                0x0000000020000c5c       0x14 Middlewares/Third_Party/FreeRTOS/Source/tasks.o
 .bss.xDelayedTaskList2
                0x0000000020000c70       0x14 Middlewares/Third_Party/FreeRTOS/Source/tasks.o
 .bss.pxDelayedTaskList
                0x0000000020000c84        0x4 Middlewares/Third_Party/FreeRTOS/Source/tasks.o
 .bss.pxOverflowDelayedTaskList
                0x0000000020000c88        0x4 Middlewares/Third_Party/FreeRTOS/Source/tasks.o
 .bss.xPendingReadyList
                0x0000000020000c8c       0x14 Middlewares/Third_Party/FreeRTOS/Source/tasks.o
 .bss.xTasksWaitingTermination
                0x0000000020000ca0       0x14 Middlewares/Third_Party/FreeRTOS/Source/tasks.o
 .bss.uxDeletedTasksWaitingCleanUp
                0x0000000020000cb4        0x4 Middlewares/Third_Party/FreeRTOS/Source/tasks.o
 .bss.xSuspendedTaskList
                0x0000000020000cb8       0x14 Middlewares/Third_Party/FreeRTOS/Source/tasks.o
 .bss.uxCurrentNumberOfTasks
                0x0000000020000ccc        0x4 Middlewares/Third_Party/FreeRTOS/Source/tasks.o
 .bss.xTickCount
                0x0000000020000cd0        0x4 Middlewares/Third_Party/FreeRTOS/Source/tasks.o
 .bss.uxTopReadyPriority
                0x0000000020000cd4        0x4 Middlewares/Third_Party/FreeRTOS/Source/tasks.o
 .bss.xSchedulerRunning
                0x0000000020000cd8        0x4 Middlewares/Third_Party/FreeRTOS/Source/tasks.o
 .bss.uxPendedTicks
                0x0000000020000cdc        0x4 Middlewares/Third_Party/FreeRTOS/Source/tasks.o
 .bss.xYieldPending
                0x0000000020000ce0        0x4 Middlewares/Third_Party/FreeRTOS/Source/tasks.o
 .bss.xNumOfOverflows
                0x0000000020000ce4        0x4 Middlewares/Third_Party/FreeRTOS/Source/tasks.o
 .bss.uxTaskNumber
                0x0000000020000ce8        0x4 Middlewares/Third_Party/FreeRTOS/Source/tasks.o
 .bss.xNextTaskUnblockTime
                0x0000000020000cec        0x4 Middlewares/Third_Party/FreeRTOS/Source/tasks.o
 .bss.xIdleTaskHandle
                0x0000000020000cf0        0x4 Middlewares/Third_Party/FreeRTOS/Source/tasks.o
 .bss.uxSchedulerSuspended
                0x0000000020000cf4        0x4 Middlewares/Third_Party/FreeRTOS/Source/tasks.o
 .bss.xActiveTimerList1
                0x0000000020000cf8       0x14 Middlewares/Third_Party/FreeRTOS/Source/timers.o
 .bss.xActiveTimerList2
                0x0000000020000d0c       0x14 Middlewares/Third_Party/FreeRTOS/Source/timers.o
 .bss.pxCurrentTimerList
                0x0000000020000d20        0x4 Middlewares/Third_Party/FreeRTOS/Source/timers.o
 .bss.pxOverflowTimerList
                0x0000000020000d24        0x4 Middlewares/Third_Party/FreeRTOS/Source/timers.o
 .bss.xTimerQueue
                0x0000000020000d28        0x4 Middlewares/Third_Party/FreeRTOS/Source/timers.o
 .bss.xTimerTaskHandle
                0x0000000020000d2c        0x4 Middlewares/Third_Party/FreeRTOS/Source/timers.o
 .bss.xLastTime.5439
                0x0000000020000d30        0x4 Middlewares/Third_Party/FreeRTOS/Source/timers.o
 .bss.ucStaticTimerQueueStorage.5490
                0x0000000020000d34       0xa0 Middlewares/Third_Party/FreeRTOS/Source/timers.o
 .bss.xStaticTimerQueue.5489
                0x0000000020000dd4       0x50 Middlewares/Third_Party/FreeRTOS/Source/timers.o
 .bss.ucHeap    0x0000000020000e24      0xc00 Middlewares/Third_Party/FreeRTOS/Source/portable/MemMang/heap_4.o
 .bss.xStart    0x0000000020001a24        0x8 Middlewares/Third_Party/FreeRTOS/Source/portable/MemMang/heap_4.o
 .bss.pxEnd     0x0000000020001a2c        0x4 Middlewares/Third_Party/FreeRTOS/Source/portable/MemMang/heap_4.o
 .bss.xFreeBytesRemaining
                0x0000000020001a30        0x4 Middlewares/Third_Party/FreeRTOS/Source/portable/MemMang/heap_4.o
 .bss.xMinimumEverFreeBytesRemaining
                0x0000000020001a34        0x4 Middlewares/Third_Party/FreeRTOS/Source/portable/MemMang/heap_4.o
 .bss.xBlockAllocatedBit
                0x0000000020001a38        0x4 Middlewares/Third_Party/FreeRTOS/Source/portable/MemMang/heap_4.o
 *(COMMON)
 *fill*         0x0000000020001a3c        0x4 
 COMMON         0x0000000020001a40     0x11fa Core/Src/GO4_ACM_2020.o
                0x0000000020001a40                acceleration_index
                0x0000000020001a41                drs_button_state
                0x0000000020001a42                control_state
                0x0000000020001a44                front_left_servo_ticks
                0x0000000020001a46                rear_wing_map_position
                0x0000000020001a47                front_left_wing_map_position
                0x0000000020001a48                front_right_servo_ticks
                0x0000000020001a4a                speed_index
                0x0000000020001a4c                front_right_wing_map
                0x0000000020001ff8                parameters
                0x00000000200020e8                rear_servo_ticks
                0x00000000200020ec                rear_wing_map
                0x0000000020002691                front_right_wing_map_position
                0x0000000020002694                front_left_wing_map
                0x0000000020002c39                steering_angle_index
 *fill*         0x0000000020002c3a        0x2 
 COMMON         0x0000000020002c3c      0x6cc Core/Src/GopherCAN.o
                0x0000000020002c3c                tx_buffer_mem_1
                0x0000000020002e3c                last_error
                0x0000000020002e48                received_wheel_speed
                0x0000000020002e50                rx_buffer_mem
                0x0000000020003050                can_command
                0x0000000020003058                received_throttle_position
                0x0000000020003060                rx_buffer
                0x0000000020003068                received_acceleration
                0x0000000020003070                tx_buffer_mem
                0x0000000020003270                tx_buffer
                0x0000000020003278                received_steering_angle
                0x0000000020003280                gbus0
                0x000000002000328c                received_brake_pressure
                0x0000000020003294                tx_buffer_1
                0x000000002000329c                cust_funcs
                0x00000000200032f0                this_module_id
                0x00000000200032f4                received_air_speed
                0x00000000200032fc                gbus1
 COMMON         0x0000000020003308      0x138 Core/Src/main.o
                0x0000000020003308                hcan
                0x0000000020003330                start_fetch_datHandle
                0x0000000020003334                htim3
                0x0000000020003374                start_update_caHandle
                0x0000000020003378                actuate_wingsHandle
                0x000000002000337c                DRS_buttonHandle
                0x0000000020003380                huart2
                0x0000000020003400                htim14
 COMMON         0x0000000020003440       0x40 Core/Src/stm32f0xx_hal_timebase_tim.o
                0x0000000020003440                htim6
 COMMON         0x0000000020003480        0x4 Drivers/STM32F0xx_HAL_Driver/Src/stm32f0xx_hal.o
                0x0000000020003480                uwTick
 COMMON         0x0000000020003484       0x40 Middlewares/Third_Party/FreeRTOS/Source/queue.o
                0x0000000020003484                xQueueRegistry
                0x00000000200034c4                . = ALIGN (0x4)
                0x00000000200034c4                _ebss = .
                0x00000000200034c4                __bss_end__ = _ebss

._user_heap_stack
                0x00000000200034c4      0x604 load address 0x0000000008008760
                0x00000000200034c8                . = ALIGN (0x8)
 *fill*         0x00000000200034c4        0x4 
                [!provide]                        PROVIDE (end = .)
                0x00000000200034c8                PROVIDE (_end = .)
                0x00000000200036c8                . = (. + _Min_Heap_Size)
 *fill*         0x00000000200034c8      0x200 
                0x0000000020003ac8                . = (. + _Min_Stack_Size)
 *fill*         0x00000000200036c8      0x400 
                0x0000000020003ac8                . = ALIGN (0x8)

/DISCARD/
 libc.a(*)
 libm.a(*)
 libgcc.a(*)

.ARM.attributes
                0x0000000000000000       0x28
 *(.ARM.attributes)
 .ARM.attributes
                0x0000000000000000       0x1e /tools/toolchain/bin/../lib/gcc/arm-none-eabi/8.3.1/thumb/v6-m/nofp/crti.o
 .ARM.attributes
                0x000000000000001e       0x2c /tools/toolchain/bin/../lib/gcc/arm-none-eabi/8.3.1/thumb/v6-m/nofp/crtbegin.o
 .ARM.attributes
                0x000000000000004a       0x31 Core/Src/GO4_ACM_2020.o
 .ARM.attributes
                0x000000000000007b       0x31 Core/Src/GopherCAN.o
 .ARM.attributes
                0x00000000000000ac       0x31 Core/Src/GopherCAN_ring_buffer.o
 .ARM.attributes
                0x00000000000000dd       0x31 Core/Src/main.o
 .ARM.attributes
                0x000000000000010e       0x31 Core/Src/stm32f0xx_hal_msp.o
 .ARM.attributes
                0x000000000000013f       0x31 Core/Src/stm32f0xx_hal_timebase_tim.o
 .ARM.attributes
                0x0000000000000170       0x31 Core/Src/stm32f0xx_it.o
 .ARM.attributes
                0x00000000000001a1       0x31 Core/Src/system_stm32f0xx.o
 .ARM.attributes
                0x00000000000001d2       0x21 Core/Startup/startup_stm32f072rbtx.o
 .ARM.attributes
                0x00000000000001f3       0x2c Drivers/STM32F0xx_HAL_Driver/Src/stm32f0xx_hal.o
 .ARM.attributes
                0x000000000000021f       0x2c Drivers/STM32F0xx_HAL_Driver/Src/stm32f0xx_hal_can.o
 .ARM.attributes
                0x000000000000024b       0x2c Drivers/STM32F0xx_HAL_Driver/Src/stm32f0xx_hal_cortex.o
 .ARM.attributes
                0x0000000000000277       0x2c Drivers/STM32F0xx_HAL_Driver/Src/stm32f0xx_hal_gpio.o
 .ARM.attributes
                0x00000000000002a3       0x2c Drivers/STM32F0xx_HAL_Driver/Src/stm32f0xx_hal_rcc.o
 .ARM.attributes
                0x00000000000002cf       0x2c Drivers/STM32F0xx_HAL_Driver/Src/stm32f0xx_hal_rcc_ex.o
 .ARM.attributes
                0x00000000000002fb       0x2c Drivers/STM32F0xx_HAL_Driver/Src/stm32f0xx_hal_tim.o
 .ARM.attributes
                0x0000000000000327       0x2c Drivers/STM32F0xx_HAL_Driver/Src/stm32f0xx_hal_tim_ex.o
 .ARM.attributes
                0x0000000000000353       0x2c Drivers/STM32F0xx_HAL_Driver/Src/stm32f0xx_hal_uart.o
 .ARM.attributes
                0x000000000000037f       0x31 Middlewares/Third_Party/FreeRTOS/Source/CMSIS_RTOS_V2/cmsis_os2.o
 .ARM.attributes
                0x00000000000003b0       0x31 Middlewares/Third_Party/FreeRTOS/Source/list.o
 .ARM.attributes
                0x00000000000003e1       0x31 Middlewares/Third_Party/FreeRTOS/Source/queue.o
 .ARM.attributes
                0x0000000000000412       0x31 Middlewares/Third_Party/FreeRTOS/Source/tasks.o
 .ARM.attributes
                0x0000000000000443       0x31 Middlewares/Third_Party/FreeRTOS/Source/timers.o
 .ARM.attributes
                0x0000000000000474       0x31 Middlewares/Third_Party/FreeRTOS/Source/portable/GCC/ARM_CM0/port.o
 .ARM.attributes
                0x00000000000004a5       0x31 Middlewares/Third_Party/FreeRTOS/Source/portable/MemMang/heap_4.o
 .ARM.attributes
                0x00000000000004d6       0x2c /tools/toolchain/bin/../lib/gcc/arm-none-eabi/8.3.1/../../../../arm-none-eabi/lib/thumb/v6-m/nofp/libc_nano.a(lib_a-init.o)
 .ARM.attributes
                0x0000000000000502       0x2c /tools/toolchain/bin/../lib/gcc/arm-none-eabi/8.3.1/../../../../arm-none-eabi/lib/thumb/v6-m/nofp/libc_nano.a(lib_a-memcpy-stub.o)
 .ARM.attributes
                0x000000000000052e       0x2c /tools/toolchain/bin/../lib/gcc/arm-none-eabi/8.3.1/../../../../arm-none-eabi/lib/thumb/v6-m/nofp/libc_nano.a(lib_a-memset.o)
 .ARM.attributes
                0x000000000000055a       0x1e /tools/toolchain/bin/../lib/gcc/arm-none-eabi/8.3.1/thumb/v6-m/nofp/libgcc.a(_udivsi3.o)
 .ARM.attributes
                0x0000000000000578       0x1e /tools/toolchain/bin/../lib/gcc/arm-none-eabi/8.3.1/thumb/v6-m/nofp/libgcc.a(_divsi3.o)
 .ARM.attributes
                0x0000000000000596       0x1e /tools/toolchain/bin/../lib/gcc/arm-none-eabi/8.3.1/thumb/v6-m/nofp/libgcc.a(_dvmd_tls.o)
 .ARM.attributes
                0x00000000000005b4       0x1e /tools/toolchain/bin/../lib/gcc/arm-none-eabi/8.3.1/thumb/v6-m/nofp/libgcc.a(_arm_cmpdf2.o)
 .ARM.attributes
                0x00000000000005d2       0x2c /tools/toolchain/bin/../lib/gcc/arm-none-eabi/8.3.1/thumb/v6-m/nofp/libgcc.a(_fixunsdfsi.o)
 .ARM.attributes
                0x00000000000005fe       0x2c /tools/toolchain/bin/../lib/gcc/arm-none-eabi/8.3.1/thumb/v6-m/nofp/libgcc.a(adddf3.o)
 .ARM.attributes
                0x000000000000062a       0x2c /tools/toolchain/bin/../lib/gcc/arm-none-eabi/8.3.1/thumb/v6-m/nofp/libgcc.a(eqdf2.o)
 .ARM.attributes
                0x0000000000000656       0x2c /tools/toolchain/bin/../lib/gcc/arm-none-eabi/8.3.1/thumb/v6-m/nofp/libgcc.a(gedf2.o)
 .ARM.attributes
                0x0000000000000682       0x2c /tools/toolchain/bin/../lib/gcc/arm-none-eabi/8.3.1/thumb/v6-m/nofp/libgcc.a(ledf2.o)
 .ARM.attributes
                0x00000000000006ae       0x2c /tools/toolchain/bin/../lib/gcc/arm-none-eabi/8.3.1/thumb/v6-m/nofp/libgcc.a(muldf3.o)
 .ARM.attributes
                0x00000000000006da       0x2c /tools/toolchain/bin/../lib/gcc/arm-none-eabi/8.3.1/thumb/v6-m/nofp/libgcc.a(subdf3.o)
 .ARM.attributes
                0x0000000000000706       0x2c /tools/toolchain/bin/../lib/gcc/arm-none-eabi/8.3.1/thumb/v6-m/nofp/libgcc.a(fixdfsi.o)
 .ARM.attributes
                0x0000000000000732       0x2c /tools/toolchain/bin/../lib/gcc/arm-none-eabi/8.3.1/thumb/v6-m/nofp/libgcc.a(floatsidf.o)
 .ARM.attributes
                0x000000000000075e       0x1e /tools/toolchain/bin/../lib/gcc/arm-none-eabi/8.3.1/thumb/v6-m/nofp/libgcc.a(_clzsi2.o)
 .ARM.attributes
                0x000000000000077c       0x1e /tools/toolchain/bin/../lib/gcc/arm-none-eabi/8.3.1/thumb/v6-m/nofp/crtn.o
OUTPUT(RTOS_DRS.elf elf32-littlearm)

.debug_info     0x0000000000000000    0x197dd
 .debug_info    0x0000000000000000     0x190a Core/Src/GO4_ACM_2020.o
 .debug_info    0x000000000000190a     0x16dd Core/Src/GopherCAN.o
 .debug_info    0x0000000000002fe7      0x27f Core/Src/GopherCAN_ring_buffer.o
 .debug_info    0x0000000000003266     0x1616 Core/Src/main.o
 .debug_info    0x000000000000487c     0x11a6 Core/Src/stm32f0xx_hal_msp.o
 .debug_info    0x0000000000005a22      0x8a6 Core/Src/stm32f0xx_hal_timebase_tim.o
 .debug_info    0x00000000000062c8      0x9b4 Core/Src/stm32f0xx_it.o
 .debug_info    0x0000000000006c7c      0x29e Core/Src/system_stm32f0xx.o
 .debug_info    0x0000000000006f1a       0x22 Core/Startup/startup_stm32f072rbtx.o
 .debug_info    0x0000000000006f3c      0x717 Drivers/STM32F0xx_HAL_Driver/Src/stm32f0xx_hal.o
 .debug_info    0x0000000000007653     0x1003 Drivers/STM32F0xx_HAL_Driver/Src/stm32f0xx_hal_can.o
 .debug_info    0x0000000000008656      0x7e8 Drivers/STM32F0xx_HAL_Driver/Src/stm32f0xx_hal_cortex.o
 .debug_info    0x0000000000008e3e      0x6dd Drivers/STM32F0xx_HAL_Driver/Src/stm32f0xx_hal_gpio.o
 .debug_info    0x000000000000951b      0x8b1 Drivers/STM32F0xx_HAL_Driver/Src/stm32f0xx_hal_rcc.o
 .debug_info    0x0000000000009dcc      0x6da Drivers/STM32F0xx_HAL_Driver/Src/stm32f0xx_hal_rcc_ex.o
 .debug_info    0x000000000000a4a6     0x2756 Drivers/STM32F0xx_HAL_Driver/Src/stm32f0xx_hal_tim.o
 .debug_info    0x000000000000cbfc     0x11f0 Drivers/STM32F0xx_HAL_Driver/Src/stm32f0xx_hal_tim_ex.o
 .debug_info    0x000000000000ddec     0x16ba Drivers/STM32F0xx_HAL_Driver/Src/stm32f0xx_hal_uart.o
 .debug_info    0x000000000000f4a6     0x3703 Middlewares/Third_Party/FreeRTOS/Source/CMSIS_RTOS_V2/cmsis_os2.o
 .debug_info    0x0000000000012ba9      0xac5 Middlewares/Third_Party/FreeRTOS/Source/list.o
 .debug_info    0x000000000001366e     0x1acb Middlewares/Third_Party/FreeRTOS/Source/queue.o
 .debug_info    0x0000000000015139     0x219e Middlewares/Third_Party/FreeRTOS/Source/tasks.o
 .debug_info    0x00000000000172d7     0x1782 Middlewares/Third_Party/FreeRTOS/Source/timers.o
 .debug_info    0x0000000000018a59      0x26b Middlewares/Third_Party/FreeRTOS/Source/portable/GCC/ARM_CM0/port.o
 .debug_info    0x0000000000018cc4      0xb19 Middlewares/Third_Party/FreeRTOS/Source/portable/MemMang/heap_4.o

.debug_abbrev   0x0000000000000000     0x34b6
 .debug_abbrev  0x0000000000000000      0x2a0 Core/Src/GO4_ACM_2020.o
 .debug_abbrev  0x00000000000002a0      0x2f2 Core/Src/GopherCAN.o
 .debug_abbrev  0x0000000000000592      0x133 Core/Src/GopherCAN_ring_buffer.o
 .debug_abbrev  0x00000000000006c5      0x290 Core/Src/main.o
 .debug_abbrev  0x0000000000000955      0x23d Core/Src/stm32f0xx_hal_msp.o
 .debug_abbrev  0x0000000000000b92      0x19d Core/Src/stm32f0xx_hal_timebase_tim.o
 .debug_abbrev  0x0000000000000d2f      0x194 Core/Src/stm32f0xx_it.o
 .debug_abbrev  0x0000000000000ec3      0x12b Core/Src/system_stm32f0xx.o
 .debug_abbrev  0x0000000000000fee       0x12 Core/Startup/startup_stm32f072rbtx.o
 .debug_abbrev  0x0000000000001000      0x1ed Drivers/STM32F0xx_HAL_Driver/Src/stm32f0xx_hal.o
 .debug_abbrev  0x00000000000011ed      0x1dd Drivers/STM32F0xx_HAL_Driver/Src/stm32f0xx_hal_can.o
 .debug_abbrev  0x00000000000013ca      0x2a9 Drivers/STM32F0xx_HAL_Driver/Src/stm32f0xx_hal_cortex.o
 .debug_abbrev  0x0000000000001673      0x1e8 Drivers/STM32F0xx_HAL_Driver/Src/stm32f0xx_hal_gpio.o
 .debug_abbrev  0x000000000000185b      0x23b Drivers/STM32F0xx_HAL_Driver/Src/stm32f0xx_hal_rcc.o
 .debug_abbrev  0x0000000000001a96      0x1c9 Drivers/STM32F0xx_HAL_Driver/Src/stm32f0xx_hal_rcc_ex.o
 .debug_abbrev  0x0000000000001c5f      0x25e Drivers/STM32F0xx_HAL_Driver/Src/stm32f0xx_hal_tim.o
 .debug_abbrev  0x0000000000001ebd      0x24c Drivers/STM32F0xx_HAL_Driver/Src/stm32f0xx_hal_tim_ex.o
 .debug_abbrev  0x0000000000002109      0x22f Drivers/STM32F0xx_HAL_Driver/Src/stm32f0xx_hal_uart.o
 .debug_abbrev  0x0000000000002338      0x366 Middlewares/Third_Party/FreeRTOS/Source/CMSIS_RTOS_V2/cmsis_os2.o
 .debug_abbrev  0x000000000000269e      0x1cf Middlewares/Third_Party/FreeRTOS/Source/list.o
 .debug_abbrev  0x000000000000286d      0x2c4 Middlewares/Third_Party/FreeRTOS/Source/queue.o
 .debug_abbrev  0x0000000000002b31      0x303 Middlewares/Third_Party/FreeRTOS/Source/tasks.o
 .debug_abbrev  0x0000000000002e34      0x2a1 Middlewares/Third_Party/FreeRTOS/Source/timers.o
 .debug_abbrev  0x00000000000030d5      0x1a4 Middlewares/Third_Party/FreeRTOS/Source/portable/GCC/ARM_CM0/port.o
 .debug_abbrev  0x0000000000003279      0x23d Middlewares/Third_Party/FreeRTOS/Source/portable/MemMang/heap_4.o

.debug_aranges  0x0000000000000000     0x15d8
 .debug_aranges
                0x0000000000000000       0x70 Core/Src/GO4_ACM_2020.o
 .debug_aranges
                0x0000000000000070       0xe0 Core/Src/GopherCAN.o
 .debug_aranges
                0x0000000000000150       0x48 Core/Src/GopherCAN_ring_buffer.o
 .debug_aranges
                0x0000000000000198       0x80 Core/Src/main.o
 .debug_aranges
                0x0000000000000218       0x68 Core/Src/stm32f0xx_hal_msp.o
 .debug_aranges
                0x0000000000000280       0x30 Core/Src/stm32f0xx_hal_timebase_tim.o
 .debug_aranges
                0x00000000000002b0       0x38 Core/Src/stm32f0xx_it.o
 .debug_aranges
                0x00000000000002e8       0x28 Core/Src/system_stm32f0xx.o
 .debug_aranges
                0x0000000000000310       0x28 Core/Startup/startup_stm32f072rbtx.o
 .debug_aranges
                0x0000000000000338       0xd0 Drivers/STM32F0xx_HAL_Driver/Src/stm32f0xx_hal.o
 .debug_aranges
                0x0000000000000408      0x138 Drivers/STM32F0xx_HAL_Driver/Src/stm32f0xx_hal_can.o
 .debug_aranges
                0x0000000000000540       0xc0 Drivers/STM32F0xx_HAL_Driver/Src/stm32f0xx_hal_cortex.o
 .debug_aranges
                0x0000000000000600       0x58 Drivers/STM32F0xx_HAL_Driver/Src/stm32f0xx_hal_gpio.o
 .debug_aranges
                0x0000000000000658       0x80 Drivers/STM32F0xx_HAL_Driver/Src/stm32f0xx_hal_rcc.o
 .debug_aranges
                0x00000000000006d8       0x78 Drivers/STM32F0xx_HAL_Driver/Src/stm32f0xx_hal_rcc_ex.o
 .debug_aranges
                0x0000000000000750      0x3b8 Drivers/STM32F0xx_HAL_Driver/Src/stm32f0xx_hal_tim.o
 .debug_aranges
                0x0000000000000b08      0x150 Drivers/STM32F0xx_HAL_Driver/Src/stm32f0xx_hal_tim_ex.o
 .debug_aranges
                0x0000000000000c58      0x210 Drivers/STM32F0xx_HAL_Driver/Src/stm32f0xx_hal_uart.o
 .debug_aranges
                0x0000000000000e68      0x228 Middlewares/Third_Party/FreeRTOS/Source/CMSIS_RTOS_V2/cmsis_os2.o
 .debug_aranges
                0x0000000000001090       0x40 Middlewares/Third_Party/FreeRTOS/Source/list.o
 .debug_aranges
                0x00000000000010d0      0x158 Middlewares/Third_Party/FreeRTOS/Source/queue.o
 .debug_aranges
                0x0000000000001228      0x1f8 Middlewares/Third_Party/FreeRTOS/Source/tasks.o
 .debug_aranges
                0x0000000000001420       0xe0 Middlewares/Third_Party/FreeRTOS/Source/timers.o
 .debug_aranges
                0x0000000000001500       0x88 Middlewares/Third_Party/FreeRTOS/Source/portable/GCC/ARM_CM0/port.o
 .debug_aranges
                0x0000000000001588       0x50 Middlewares/Third_Party/FreeRTOS/Source/portable/MemMang/heap_4.o

.debug_ranges   0x0000000000000000     0x1450
 .debug_ranges  0x0000000000000000       0x60 Core/Src/GO4_ACM_2020.o
 .debug_ranges  0x0000000000000060       0xd0 Core/Src/GopherCAN.o
 .debug_ranges  0x0000000000000130       0x38 Core/Src/GopherCAN_ring_buffer.o
 .debug_ranges  0x0000000000000168       0x70 Core/Src/main.o
 .debug_ranges  0x00000000000001d8       0x58 Core/Src/stm32f0xx_hal_msp.o
 .debug_ranges  0x0000000000000230       0x20 Core/Src/stm32f0xx_hal_timebase_tim.o
 .debug_ranges  0x0000000000000250       0x28 Core/Src/stm32f0xx_it.o
 .debug_ranges  0x0000000000000278       0x18 Core/Src/system_stm32f0xx.o
 .debug_ranges  0x0000000000000290       0x20 Core/Startup/startup_stm32f072rbtx.o
 .debug_ranges  0x00000000000002b0       0xc0 Drivers/STM32F0xx_HAL_Driver/Src/stm32f0xx_hal.o
 .debug_ranges  0x0000000000000370      0x128 Drivers/STM32F0xx_HAL_Driver/Src/stm32f0xx_hal_can.o
 .debug_ranges  0x0000000000000498       0xb0 Drivers/STM32F0xx_HAL_Driver/Src/stm32f0xx_hal_cortex.o
 .debug_ranges  0x0000000000000548       0x48 Drivers/STM32F0xx_HAL_Driver/Src/stm32f0xx_hal_gpio.o
 .debug_ranges  0x0000000000000590       0x70 Drivers/STM32F0xx_HAL_Driver/Src/stm32f0xx_hal_rcc.o
 .debug_ranges  0x0000000000000600       0x68 Drivers/STM32F0xx_HAL_Driver/Src/stm32f0xx_hal_rcc_ex.o
 .debug_ranges  0x0000000000000668      0x3a8 Drivers/STM32F0xx_HAL_Driver/Src/stm32f0xx_hal_tim.o
 .debug_ranges  0x0000000000000a10      0x140 Drivers/STM32F0xx_HAL_Driver/Src/stm32f0xx_hal_tim_ex.o
 .debug_ranges  0x0000000000000b50      0x200 Drivers/STM32F0xx_HAL_Driver/Src/stm32f0xx_hal_uart.o
 .debug_ranges  0x0000000000000d50      0x218 Middlewares/Third_Party/FreeRTOS/Source/CMSIS_RTOS_V2/cmsis_os2.o
 .debug_ranges  0x0000000000000f68       0x30 Middlewares/Third_Party/FreeRTOS/Source/list.o
 .debug_ranges  0x0000000000000f98      0x148 Middlewares/Third_Party/FreeRTOS/Source/queue.o
 .debug_ranges  0x00000000000010e0      0x1e8 Middlewares/Third_Party/FreeRTOS/Source/tasks.o
 .debug_ranges  0x00000000000012c8       0xd0 Middlewares/Third_Party/FreeRTOS/Source/timers.o
 .debug_ranges  0x0000000000001398       0x78 Middlewares/Third_Party/FreeRTOS/Source/portable/GCC/ARM_CM0/port.o
 .debug_ranges  0x0000000000001410       0x40 Middlewares/Third_Party/FreeRTOS/Source/portable/MemMang/heap_4.o

.debug_macro    0x0000000000000000    0x1981d
 .debug_macro   0x0000000000000000      0x321 Core/Src/GO4_ACM_2020.o
 .debug_macro   0x0000000000000321      0xa48 Core/Src/GO4_ACM_2020.o
 .debug_macro   0x0000000000000d69       0x5b Core/Src/GO4_ACM_2020.o
 .debug_macro   0x0000000000000dc4       0x10 Core/Src/GO4_ACM_2020.o
 .debug_macro   0x0000000000000dd4       0x22 Core/Src/GO4_ACM_2020.o
 .debug_macro   0x0000000000000df6       0x8e Core/Src/GO4_ACM_2020.o
 .debug_macro   0x0000000000000e84       0x51 Core/Src/GO4_ACM_2020.o
 .debug_macro   0x0000000000000ed5       0xef Core/Src/GO4_ACM_2020.o
 .debug_macro   0x0000000000000fc4       0x6a Core/Src/GO4_ACM_2020.o
 .debug_macro   0x000000000000102e      0x1df Core/Src/GO4_ACM_2020.o
 .debug_macro   0x000000000000120d      0x174 Core/Src/GO4_ACM_2020.o
 .debug_macro   0x0000000000001381       0x74 Core/Src/GO4_ACM_2020.o
 .debug_macro   0x00000000000013f5      0x100 Core/Src/GO4_ACM_2020.o
 .debug_macro   0x00000000000014f5      0x15a Core/Src/GO4_ACM_2020.o
 .debug_macro   0x000000000000164f       0xac Core/Src/GO4_ACM_2020.o
 .debug_macro   0x00000000000016fb       0x10 Core/Src/GO4_ACM_2020.o
 .debug_macro   0x000000000000170b       0x1f Core/Src/GO4_ACM_2020.o
 .debug_macro   0x000000000000172a      0x486 Core/Src/GO4_ACM_2020.o
 .debug_macro   0x0000000000001bb0       0xdd Core/Src/GO4_ACM_2020.o
 .debug_macro   0x0000000000001c8d      0x139 Core/Src/GO4_ACM_2020.o
 .debug_macro   0x0000000000001dc6       0x2e Core/Src/GO4_ACM_2020.o
 .debug_macro   0x0000000000001df4       0x22 Core/Src/GO4_ACM_2020.o
 .debug_macro   0x0000000000001e16       0x1c Core/Src/GO4_ACM_2020.o
 .debug_macro   0x0000000000001e32       0x22 Core/Src/GO4_ACM_2020.o
 .debug_macro   0x0000000000001e54       0xaf Core/Src/GO4_ACM_2020.o
 .debug_macro   0x0000000000001f03      0x391 Core/Src/GO4_ACM_2020.o
 .debug_macro   0x0000000000002294     0xfe50 Core/Src/GO4_ACM_2020.o
 .debug_macro   0x00000000000120e4       0x3c Core/Src/GO4_ACM_2020.o
 .debug_macro   0x0000000000012120       0x53 Core/Src/GO4_ACM_2020.o
 .debug_macro   0x0000000000012173      0x946 Core/Src/GO4_ACM_2020.o
 .debug_macro   0x0000000000012ab9      0x5f3 Core/Src/GO4_ACM_2020.o
 .debug_macro   0x00000000000130ac      0x12f Core/Src/GO4_ACM_2020.o
 .debug_macro   0x00000000000131db      0x1a7 Core/Src/GO4_ACM_2020.o
 .debug_macro   0x0000000000013382      0x1a7 Core/Src/GO4_ACM_2020.o
 .debug_macro   0x0000000000013529      0x22c Core/Src/GO4_ACM_2020.o
 .debug_macro   0x0000000000013755       0x34 Core/Src/GO4_ACM_2020.o
 .debug_macro   0x0000000000013789       0x43 Core/Src/GO4_ACM_2020.o
 .debug_macro   0x00000000000137cc       0x28 Core/Src/GO4_ACM_2020.o
 .debug_macro   0x00000000000137f4      0x408 Core/Src/GO4_ACM_2020.o
 .debug_macro   0x0000000000013bfc       0xb0 Core/Src/GO4_ACM_2020.o
 .debug_macro   0x0000000000013cac      0x217 Core/Src/GO4_ACM_2020.o
 .debug_macro   0x0000000000013ec3      0x22c Core/Src/GO4_ACM_2020.o
 .debug_macro   0x00000000000140ef       0x5f Core/Src/GO4_ACM_2020.o
 .debug_macro   0x000000000001414e       0xa5 Core/Src/GO4_ACM_2020.o
 .debug_macro   0x00000000000141f3       0x4c Core/Src/GO4_ACM_2020.o
 .debug_macro   0x000000000001423f      0x16d Core/Src/GO4_ACM_2020.o
 .debug_macro   0x00000000000143ac      0x8ae Core/Src/GO4_ACM_2020.o
 .debug_macro   0x0000000000014c5a       0x28 Core/Src/GO4_ACM_2020.o
 .debug_macro   0x0000000000014c82      0x589 Core/Src/GO4_ACM_2020.o
 .debug_macro   0x000000000001520b       0x44 Core/Src/GO4_ACM_2020.o
 .debug_macro   0x000000000001524f      0x130 Core/Src/GO4_ACM_2020.o
 .debug_macro   0x000000000001537f       0x4c Core/Src/GO4_ACM_2020.o
 .debug_macro   0x00000000000153cb       0x46 Core/Src/GO4_ACM_2020.o
 .debug_macro   0x0000000000015411       0x18 Core/Src/GO4_ACM_2020.o
 .debug_macro   0x0000000000015429       0x3c Core/Src/GO4_ACM_2020.o
 .debug_macro   0x0000000000015465       0x34 Core/Src/GO4_ACM_2020.o
 .debug_macro   0x0000000000015499       0x52 Core/Src/GO4_ACM_2020.o
 .debug_macro   0x00000000000154eb       0x1f Core/Src/GO4_ACM_2020.o
 .debug_macro   0x000000000001550a       0x43 Core/Src/GO4_ACM_2020.o
 .debug_macro   0x000000000001554d       0x20 Core/Src/GO4_ACM_2020.o
 .debug_macro   0x000000000001556d      0x1a3 Core/Src/GO4_ACM_2020.o
 .debug_macro   0x0000000000015710      0x32a Core/Src/GO4_ACM_2020.o
 .debug_macro   0x0000000000015a3a      0x1e1 Core/Src/GO4_ACM_2020.o
 .debug_macro   0x0000000000015c1b      0x20d Core/Src/GO4_ACM_2020.o
 .debug_macro   0x0000000000015e28       0x2e Core/Src/GO4_ACM_2020.o
 .debug_macro   0x0000000000015e56      0x1c2 Core/Src/GO4_ACM_2020.o
 .debug_macro   0x0000000000016018      0x1f3 Core/Src/GopherCAN.o
 .debug_macro   0x000000000001620b       0xb5 Core/Src/GopherCAN.o
 .debug_macro   0x00000000000162c0       0x2f Core/Src/GopherCAN_ring_buffer.o
 .debug_macro   0x00000000000162ef      0x25e Core/Src/main.o
 .debug_macro   0x000000000001654d      0x1d2 Core/Src/stm32f0xx_hal_msp.o
 .debug_macro   0x000000000001671f      0x1c3 Core/Src/stm32f0xx_hal_timebase_tim.o
 .debug_macro   0x00000000000168e2      0x1dc Core/Src/stm32f0xx_it.o
 .debug_macro   0x0000000000016abe      0x1c3 Core/Src/system_stm32f0xx.o
 .debug_macro   0x0000000000016c81      0x1e7 Drivers/STM32F0xx_HAL_Driver/Src/stm32f0xx_hal.o
 .debug_macro   0x0000000000016e68      0xa72 Drivers/STM32F0xx_HAL_Driver/Src/stm32f0xx_hal.o
 .debug_macro   0x00000000000178da       0x22 Drivers/STM32F0xx_HAL_Driver/Src/stm32f0xx_hal.o
 .debug_macro   0x00000000000178fc      0x103 Drivers/STM32F0xx_HAL_Driver/Src/stm32f0xx_hal.o
 .debug_macro   0x00000000000179ff      0x1cb Drivers/STM32F0xx_HAL_Driver/Src/stm32f0xx_hal_can.o
 .debug_macro   0x0000000000017bca      0x1c3 Drivers/STM32F0xx_HAL_Driver/Src/stm32f0xx_hal_cortex.o
 .debug_macro   0x0000000000017d8d      0x1fb Drivers/STM32F0xx_HAL_Driver/Src/stm32f0xx_hal_gpio.o
 .debug_macro   0x0000000000017f88      0x1d5 Drivers/STM32F0xx_HAL_Driver/Src/stm32f0xx_hal_rcc.o
 .debug_macro   0x000000000001815d      0x1d5 Drivers/STM32F0xx_HAL_Driver/Src/stm32f0xx_hal_rcc_ex.o
 .debug_macro   0x0000000000018332      0x1c4 Drivers/STM32F0xx_HAL_Driver/Src/stm32f0xx_hal_tim.o
 .debug_macro   0x00000000000184f6      0x1c3 Drivers/STM32F0xx_HAL_Driver/Src/stm32f0xx_hal_tim_ex.o
 .debug_macro   0x00000000000186b9      0x1e0 Drivers/STM32F0xx_HAL_Driver/Src/stm32f0xx_hal_uart.o
 .debug_macro   0x0000000000018899      0x23a Middlewares/Third_Party/FreeRTOS/Source/CMSIS_RTOS_V2/cmsis_os2.o
 .debug_macro   0x0000000000018ad3       0x10 Middlewares/Third_Party/FreeRTOS/Source/CMSIS_RTOS_V2/cmsis_os2.o
 .debug_macro   0x0000000000018ae3       0x20 Middlewares/Third_Party/FreeRTOS/Source/CMSIS_RTOS_V2/cmsis_os2.o
 .debug_macro   0x0000000000018b03       0xa9 Middlewares/Third_Party/FreeRTOS/Source/CMSIS_RTOS_V2/cmsis_os2.o
 .debug_macro   0x0000000000018bac       0x91 Middlewares/Third_Party/FreeRTOS/Source/CMSIS_RTOS_V2/cmsis_os2.o
 .debug_macro   0x0000000000018c3d       0x8d Middlewares/Third_Party/FreeRTOS/Source/CMSIS_RTOS_V2/cmsis_os2.o
 .debug_macro   0x0000000000018cca       0x9a Middlewares/Third_Party/FreeRTOS/Source/CMSIS_RTOS_V2/cmsis_os2.o
 .debug_macro   0x0000000000018d64      0x17a Middlewares/Third_Party/FreeRTOS/Source/list.o
 .debug_macro   0x0000000000018ede      0x205 Middlewares/Third_Party/FreeRTOS/Source/queue.o
 .debug_macro   0x00000000000190e3       0x16 Middlewares/Third_Party/FreeRTOS/Source/queue.o
 .debug_macro   0x00000000000190f9      0x27a Middlewares/Third_Party/FreeRTOS/Source/tasks.o
 .debug_macro   0x0000000000019373       0x10 Middlewares/Third_Party/FreeRTOS/Source/tasks.o
 .debug_macro   0x0000000000019383      0x1bd Middlewares/Third_Party/FreeRTOS/Source/timers.o
 .debug_macro   0x0000000000019540      0x13c Middlewares/Third_Party/FreeRTOS/Source/portable/GCC/ARM_CM0/port.o
 .debug_macro   0x000000000001967c      0x1a1 Middlewares/Third_Party/FreeRTOS/Source/portable/MemMang/heap_4.o

.debug_line     0x0000000000000000    0x1214f
 .debug_line    0x0000000000000000      0xc0b Core/Src/GO4_ACM_2020.o
 .debug_line    0x0000000000000c0b      0xa6e Core/Src/GopherCAN.o
 .debug_line    0x0000000000001679      0x11c Core/Src/GopherCAN_ring_buffer.o
 .debug_line    0x0000000000001795      0x99c Core/Src/main.o
 .debug_line    0x0000000000002131      0x781 Core/Src/stm32f0xx_hal_msp.o
 .debug_line    0x00000000000028b2      0x6e7 Core/Src/stm32f0xx_hal_timebase_tim.o
 .debug_line    0x0000000000002f99      0x6f7 Core/Src/stm32f0xx_it.o
 .debug_line    0x0000000000003690      0x6d6 Core/Src/system_stm32f0xx.o
 .debug_line    0x0000000000003d66       0x89 Core/Startup/startup_stm32f072rbtx.o
 .debug_line    0x0000000000003def      0x713 Drivers/STM32F0xx_HAL_Driver/Src/stm32f0xx_hal.o
 .debug_line    0x0000000000004502      0xee0 Drivers/STM32F0xx_HAL_Driver/Src/stm32f0xx_hal_can.o
 .debug_line    0x00000000000053e2      0x7b3 Drivers/STM32F0xx_HAL_Driver/Src/stm32f0xx_hal_cortex.o
 .debug_line    0x0000000000005b95      0x8b5 Drivers/STM32F0xx_HAL_Driver/Src/stm32f0xx_hal_gpio.o
 .debug_line    0x000000000000644a      0xba2 Drivers/STM32F0xx_HAL_Driver/Src/stm32f0xx_hal_rcc.o
 .debug_line    0x0000000000006fec      0x9bd Drivers/STM32F0xx_HAL_Driver/Src/stm32f0xx_hal_rcc_ex.o
 .debug_line    0x00000000000079a9     0x2925 Drivers/STM32F0xx_HAL_Driver/Src/stm32f0xx_hal_tim.o
 .debug_line    0x000000000000a2ce      0xf2c Drivers/STM32F0xx_HAL_Driver/Src/stm32f0xx_hal_tim_ex.o
 .debug_line    0x000000000000b1fa     0x1970 Drivers/STM32F0xx_HAL_Driver/Src/stm32f0xx_hal_uart.o
 .debug_line    0x000000000000cb6a     0x18ac Middlewares/Third_Party/FreeRTOS/Source/CMSIS_RTOS_V2/cmsis_os2.o
 .debug_line    0x000000000000e416      0x66b Middlewares/Third_Party/FreeRTOS/Source/list.o
 .debug_line    0x000000000000ea81      0xea0 Middlewares/Third_Party/FreeRTOS/Source/queue.o
 .debug_line    0x000000000000f921     0x11f9 Middlewares/Third_Party/FreeRTOS/Source/tasks.o
 .debug_line    0x0000000000010b1a      0x946 Middlewares/Third_Party/FreeRTOS/Source/timers.o
 .debug_line    0x0000000000011460      0x5c7 Middlewares/Third_Party/FreeRTOS/Source/portable/GCC/ARM_CM0/port.o
 .debug_line    0x0000000000011a27      0x728 Middlewares/Third_Party/FreeRTOS/Source/portable/MemMang/heap_4.o

.debug_str      0x0000000000000000    0x8d253
 .debug_str     0x0000000000000000    0x82d82 Core/Src/GO4_ACM_2020.o
                                      0x831b6 (size before relaxing)
 .debug_str     0x0000000000082d82      0x89a Core/Src/GopherCAN.o
                                      0x7bac7 (size before relaxing)
 .debug_str     0x000000000008361c       0xac Core/Src/GopherCAN_ring_buffer.o
                                       0x2e0e (size before relaxing)
 .debug_str     0x00000000000836c8      0xa8f Core/Src/main.o
                                      0x7f93f (size before relaxing)
 .debug_str     0x0000000000084157      0x24f Core/Src/stm32f0xx_hal_msp.o
                                      0x7b38f (size before relaxing)
 .debug_str     0x00000000000843a6       0xaa Core/Src/stm32f0xx_hal_timebase_tim.o
                                      0x7add9 (size before relaxing)
 .debug_str     0x0000000000084450       0x5e Core/Src/stm32f0xx_it.o
                                      0x7ae78 (size before relaxing)
 .debug_str     0x00000000000844ae       0x5f Core/Src/system_stm32f0xx.o
                                      0x7a785 (size before relaxing)
 .debug_str     0x000000000008450d       0x71 Core/Startup/startup_stm32f072rbtx.o
 .debug_str     0x000000000008457e      0x54c Drivers/STM32F0xx_HAL_Driver/Src/stm32f0xx_hal.o
                                      0x7ad63 (size before relaxing)
 .debug_str     0x0000000000084aca      0x434 Drivers/STM32F0xx_HAL_Driver/Src/stm32f0xx_hal_can.o
                                      0x7afe6 (size before relaxing)
 .debug_str     0x0000000000084efe      0x1df Drivers/STM32F0xx_HAL_Driver/Src/stm32f0xx_hal_cortex.o
                                      0x7ac17 (size before relaxing)
 .debug_str     0x00000000000850dd      0x205 Drivers/STM32F0xx_HAL_Driver/Src/stm32f0xx_hal_gpio.o
                                      0x7aa91 (size before relaxing)
 .debug_str     0x00000000000852e2      0x24a Drivers/STM32F0xx_HAL_Driver/Src/stm32f0xx_hal_rcc.o
                                      0x7ac0a (size before relaxing)
 .debug_str     0x000000000008552c      0x2db Drivers/STM32F0xx_HAL_Driver/Src/stm32f0xx_hal_rcc_ex.o
                                      0x7abe7 (size before relaxing)
 .debug_str     0x0000000000085807      0xd79 Drivers/STM32F0xx_HAL_Driver/Src/stm32f0xx_hal_tim.o
                                      0x7b9ee (size before relaxing)
 .debug_str     0x0000000000086580      0x52f Drivers/STM32F0xx_HAL_Driver/Src/stm32f0xx_hal_tim_ex.o
                                      0x7b1a2 (size before relaxing)
 .debug_str     0x0000000000086aaf      0x7de Drivers/STM32F0xx_HAL_Driver/Src/stm32f0xx_hal_uart.o
                                      0x7b40a (size before relaxing)
 .debug_str     0x000000000008728d     0x355b Middlewares/Third_Party/FreeRTOS/Source/CMSIS_RTOS_V2/cmsis_os2.o
                                       0xd97d (size before relaxing)
 .debug_str     0x000000000008a7e8      0x225 Middlewares/Third_Party/FreeRTOS/Source/list.o
                                       0xa18f (size before relaxing)
 .debug_str     0x000000000008aa0d      0x8fd Middlewares/Third_Party/FreeRTOS/Source/queue.o
                                       0xb952 (size before relaxing)
 .debug_str     0x000000000008b30a     0x12f3 Middlewares/Third_Party/FreeRTOS/Source/tasks.o
                                       0xc568 (size before relaxing)
 .debug_str     0x000000000008c5fd      0x57d Middlewares/Third_Party/FreeRTOS/Source/timers.o
                                       0xbeb8 (size before relaxing)
 .debug_str     0x000000000008cb7a      0x488 Middlewares/Third_Party/FreeRTOS/Source/portable/GCC/ARM_CM0/port.o
                                       0x7abd (size before relaxing)
 .debug_str     0x000000000008d002      0x251 Middlewares/Third_Party/FreeRTOS/Source/portable/MemMang/heap_4.o
                                       0xa893 (size before relaxing)

.comment        0x0000000000000000       0xf1
 .comment       0x0000000000000000       0x7b Core/Src/GO4_ACM_2020.o
                                         0x7c (size before relaxing)
 .comment       0x000000000000007b       0x7c Core/Src/GopherCAN.o
 .comment       0x000000000000007b       0x7c Core/Src/GopherCAN_ring_buffer.o
 .comment       0x000000000000007b       0x7c Core/Src/main.o
 .comment       0x000000000000007b       0x7c Core/Src/stm32f0xx_hal_msp.o
 .comment       0x000000000000007b       0x7c Core/Src/stm32f0xx_hal_timebase_tim.o
 .comment       0x000000000000007b       0x7c Core/Src/stm32f0xx_it.o
 .comment       0x000000000000007b       0x7c Core/Src/system_stm32f0xx.o
 .comment       0x000000000000007b       0x76 Drivers/STM32F0xx_HAL_Driver/Src/stm32f0xx_hal.o
                                         0x77 (size before relaxing)
 .comment       0x00000000000000f1       0x77 Drivers/STM32F0xx_HAL_Driver/Src/stm32f0xx_hal_can.o
 .comment       0x00000000000000f1       0x77 Drivers/STM32F0xx_HAL_Driver/Src/stm32f0xx_hal_cortex.o
 .comment       0x00000000000000f1       0x77 Drivers/STM32F0xx_HAL_Driver/Src/stm32f0xx_hal_gpio.o
 .comment       0x00000000000000f1       0x77 Drivers/STM32F0xx_HAL_Driver/Src/stm32f0xx_hal_rcc.o
 .comment       0x00000000000000f1       0x77 Drivers/STM32F0xx_HAL_Driver/Src/stm32f0xx_hal_rcc_ex.o
 .comment       0x00000000000000f1       0x77 Drivers/STM32F0xx_HAL_Driver/Src/stm32f0xx_hal_tim.o
 .comment       0x00000000000000f1       0x77 Drivers/STM32F0xx_HAL_Driver/Src/stm32f0xx_hal_tim_ex.o
 .comment       0x00000000000000f1       0x77 Drivers/STM32F0xx_HAL_Driver/Src/stm32f0xx_hal_uart.o
 .comment       0x00000000000000f1       0x7c Middlewares/Third_Party/FreeRTOS/Source/CMSIS_RTOS_V2/cmsis_os2.o
 .comment       0x00000000000000f1       0x7c Middlewares/Third_Party/FreeRTOS/Source/list.o
 .comment       0x00000000000000f1       0x7c Middlewares/Third_Party/FreeRTOS/Source/queue.o
 .comment       0x00000000000000f1       0x7c Middlewares/Third_Party/FreeRTOS/Source/tasks.o
 .comment       0x00000000000000f1       0x7c Middlewares/Third_Party/FreeRTOS/Source/timers.o
 .comment       0x00000000000000f1       0x7c Middlewares/Third_Party/FreeRTOS/Source/portable/GCC/ARM_CM0/port.o
 .comment       0x00000000000000f1       0x7c Middlewares/Third_Party/FreeRTOS/Source/portable/MemMang/heap_4.o

.debug_frame    0x0000000000000000     0x50a4
 .debug_frame   0x0000000000000000      0x168 Core/Src/GO4_ACM_2020.o
 .debug_frame   0x0000000000000168      0x344 Core/Src/GopherCAN.o
 .debug_frame   0x00000000000004ac       0xd0 Core/Src/GopherCAN_ring_buffer.o
 .debug_frame   0x000000000000057c      0x19c Core/Src/main.o
 .debug_frame   0x0000000000000718      0x150 Core/Src/stm32f0xx_hal_msp.o
 .debug_frame   0x0000000000000868       0x68 Core/Src/stm32f0xx_hal_timebase_tim.o
 .debug_frame   0x00000000000008d0       0x80 Core/Src/stm32f0xx_it.o
 .debug_frame   0x0000000000000950       0x4c Core/Src/system_stm32f0xx.o
 .debug_frame   0x000000000000099c      0x2a4 Drivers/STM32F0xx_HAL_Driver/Src/stm32f0xx_hal.o
 .debug_frame   0x0000000000000c40      0x490 Drivers/STM32F0xx_HAL_Driver/Src/stm32f0xx_hal_can.o
 .debug_frame   0x00000000000010d0      0x2a0 Drivers/STM32F0xx_HAL_Driver/Src/stm32f0xx_hal_cortex.o
 .debug_frame   0x0000000000001370      0x110 Drivers/STM32F0xx_HAL_Driver/Src/stm32f0xx_hal_gpio.o
 .debug_frame   0x0000000000001480      0x198 Drivers/STM32F0xx_HAL_Driver/Src/stm32f0xx_hal_rcc.o
 .debug_frame   0x0000000000001618      0x180 Drivers/STM32F0xx_HAL_Driver/Src/stm32f0xx_hal_rcc_ex.o
 .debug_frame   0x0000000000001798      0xe90 Drivers/STM32F0xx_HAL_Driver/Src/stm32f0xx_hal_tim.o
 .debug_frame   0x0000000000002628      0x4f0 Drivers/STM32F0xx_HAL_Driver/Src/stm32f0xx_hal_tim_ex.o
 .debug_frame   0x0000000000002b18      0x7f0 Drivers/STM32F0xx_HAL_Driver/Src/stm32f0xx_hal_uart.o
 .debug_frame   0x0000000000003308      0x84c Middlewares/Third_Party/FreeRTOS/Source/CMSIS_RTOS_V2/cmsis_os2.o